10-25 12:32:16.897 I/SettingsProvider( 1001): insert settings success:false, table:1 name:screen_brightness_change_by value:android pkg:android
10-25 12:32:16.897 E/NightPearlManager( 1001): onBacklightStateChanged mService is null.
10-25 12:32:16.898 I/SettingsProvider( 1001): insert settings success:false, table:1 name:screen_brightness value:19 pkg:android
10-25 12:32:16.911 I/DisplayPowerState( 1001): mBlockedByFingerprint = 0
10-25 12:32:16.911 E/DisplayPowerState( 1001): run changed=true mNightPearlManager is null! or state != Display.STATE_OFF
10-25 12:32:16.914 E/NightPearlManager( 1001): onBacklightStateChanged mService is null.
10-25 12:32:16.914 I/SettingsProvider( 1001): insert settings success:false, table:1 name:screen_brightness_change_by value:android pkg:android
10-25 12:32:16.915 I/SettingsProvider( 1001): insert settings success:true, table:1 name:screen_brightness value:20 pkg:android
10-25 12:32:16.919 I/SettingsProvider( 1001): insert settings success:false, table:1 name:vivo_screen_auto_brightness value:35 pkg:android
10-25 12:32:16.928 I/DisplayPowerState( 1001): mBlockedByFingerprint = 0
10-25 12:32:16.928 E/DisplayPowerState( 1001): run changed=true mNightPearlManager is null! or state != Display.STATE_OFF
10-25 12:32:16.931 I/SettingsProvider( 1001): insert settings success:false, table:1 name:screen_brightness_change_by value:android pkg:android
10-25 12:32:16.931 E/NightPearlManager( 1001): onBacklightStateChanged mService is null.
10-25 12:32:16.932 I/SettingsProvider( 1001): insert settings success:false, table:1 name:screen_brightness value:20 pkg:android
10-25 12:32:16.946 I/DisplayPowerState( 1001): mBlockedByFingerprint = 0
10-25 12:32:16.946 E/DisplayPowerState( 1001): run changed=true mNightPearlManager is null! or state != Display.STATE_OFF
10-25 12:32:16.949 E/NightPearlManager( 1001): onBacklightStateChanged mService is null.
10-25 12:32:16.949 I/SettingsProvider( 1001): insert settings success:false, table:1 name:screen_brightness_change_by value:android pkg:android
10-25 12:32:16.949 I/SettingsProvider( 1001): insert settings success:true, table:1 name:screen_brightness value:21 pkg:android
10-25 12:32:16.954 I/SettingsProvider( 1001): insert settings success:false, table:1 name:vivo_screen_auto_brightness value:35 pkg:android
10-25 12:32:16.961 I/DisplayPowerState( 1001): mBlockedByFingerprint = 0
10-25 12:32:16.962 E/DisplayPowerState( 1001): run changed=true mNightPearlManager is null! or state != Display.STATE_OFF
10-25 12:32:16.964 E/NightPearlManager( 1001): onBacklightStateChanged mService is null.
10-25 12:32:16.964 I/SettingsProvider( 1001): insert settings success:false, table:1 name:screen_brightness_change_by value:android pkg:android
10-25 12:32:16.965 I/SettingsProvider( 1001): insert settings success:true, table:1 name:screen_brightness value:22 pkg:android
10-25 12:32:16.970 I/SettingsProvider( 1001): insert settings success:false, table:1 name:vivo_screen_auto_brightness value:35 pkg:android
10-25 12:32:16.978 I/DisplayPowerState( 1001): mBlockedByFingerprint = 0
10-25 12:32:16.979 E/DisplayPowerState( 1001): run changed=true mNightPearlManager is null! or state != Display.STATE_OFF
10-25 12:32:16.981 E/NightPearlManager( 1001): onBacklightStateChanged mService is null.
10-25 12:32:16.981 I/SettingsProvider( 1001): insert settings success:false, table:1 name:screen_brightness_change_by value:android pkg:android
10-25 12:32:16.982 I/SettingsProvider( 1001): insert settings success:false, table:1 name:screen_brightness value:22 pkg:android
10-25 12:32:16.995 I/DisplayPowerState( 1001): mBlockedByFingerprint = 0
10-25 12:32:16.995 E/DisplayPowerState( 1001): run changed=true mNightPearlManager is null! or state != Display.STATE_OFF
10-25 12:32:16.999 I/SettingsProvider( 1001): insert settings success:false, table:1 name:screen_brightness_change_by value:android pkg:android
10-25 12:32:16.999 E/NightPearlManager( 1001): onBacklightStateChanged mService is null.
10-25 12:32:17.000 I/SettingsProvider( 1001): insert settings success:true, table:1 name:screen_brightness value:23 pkg:android
10-25 12:32:17.006 I/SettingsProvider( 1001): insert settings success:false, table:1 name:vivo_screen_auto_brightness value:35 pkg:android
10-25 12:32:17.012 I/DisplayPowerState( 1001): mBlockedByFingerprint = 0
10-25 12:32:17.012 E/DisplayPowerState( 1001): run changed=true mNightPearlManager is null! or state != Display.STATE_OFF
10-25 12:32:17.015 E/NightPearlManager( 1001): onBacklightStateChanged mService is null.
10-25 12:32:17.015 I/SettingsProvider( 1001): insert settings success:false, table:1 name:screen_brightness_change_by value:android pkg:android
10-25 12:32:17.016 I/SettingsProvider( 1001): insert settings success:false, table:1 name:screen_brightness value:23 pkg:android
10-25 12:32:17.028 I/DisplayPowerState( 1001): mBlockedByFingerprint = 0
10-25 12:32:17.028 E/DisplayPowerState( 1001): run changed=true mNightPearlManager is null! or state != Display.STATE_OFF
10-25 12:32:17.031 E/NightPearlManager( 1001): onBacklightStateChanged mService is null.
10-25 12:32:17.032 I/SettingsProvider( 1001): insert settings success:false, table:1 name:screen_brightness_change_by value:android pkg:android
10-25 12:32:17.032 I/SettingsProvider( 1001): insert settings success:true, table:1 name:screen_brightness value:24 pkg:android
10-25 12:32:17.037 I/SettingsProvider( 1001): insert settings success:false, table:1 name:vivo_screen_auto_brightness value:35 pkg:android
10-25 12:32:17.046 I/DisplayPowerState( 1001): mBlockedByFingerprint = 0
10-25 12:32:17.046 E/DisplayPowerState( 1001): run changed=true mNightPearlManager is null! or state != Display.STATE_OFF
10-25 12:32:17.049 E/NightPearlManager( 1001): onBacklightStateChanged mService is null.
10-25 12:32:17.049 I/SettingsProvider( 1001): insert settings success:false, table:1 name:screen_brightness_change_by value:android pkg:android
10-25 12:32:17.050 I/SettingsProvider( 1001): insert settings success:true, table:1 name:screen_brightness value:25 pkg:android
10-25 12:32:17.055 I/SettingsProvider( 1001): insert settings success:false, table:1 name:vivo_screen_auto_brightness value:35 pkg:android
10-25 12:32:17.062 I/DisplayPowerState( 1001): mBlockedByFingerprint = 0
10-25 12:32:17.062 E/DisplayPowerState( 1001): run changed=true mNightPearlManager is null! or state != Display.STATE_OFF
10-25 12:32:17.065 E/NightPearlManager( 1001): onBacklightStateChanged mService is null.
10-25 12:32:17.065 I/SettingsProvider( 1001): insert settings success:false, table:1 name:screen_brightness_change_by value:android pkg:android
10-25 12:32:17.065 I/SettingsProvider( 1001): insert settings success:false, table:1 name:screen_brightness value:25 pkg:android
10-25 12:32:17.079 I/DisplayPowerState( 1001): mBlockedByFingerprint = 0
10-25 12:32:17.080 E/DisplayPowerState( 1001): run changed=true mNightPearlManager is null! or state != Display.STATE_OFF
10-25 12:32:17.083 E/NightPearlManager( 1001): onBacklightStateChanged mService is null.
10-25 12:32:17.083 I/SettingsProvider( 1001): insert settings success:false, table:1 name:screen_brightness_change_by value:android pkg:android
10-25 12:32:17.084 I/SettingsProvider( 1001): insert settings success:true, table:1 name:screen_brightness value:26 pkg:android
10-25 12:32:17.088 I/SettingsProvider( 1001): insert settings success:false, table:1 name:vivo_screen_auto_brightness value:35 pkg:android
10-25 12:32:17.095 I/DisplayPowerState( 1001): mBlockedByFingerprint = 0
10-25 12:32:17.096 E/DisplayPowerState( 1001): run changed=true mNightPearlManager is null! or state != Display.STATE_OFF
10-25 12:32:17.098 E/NightPearlManager( 1001): onBacklightStateChanged mService is null.
10-25 12:32:17.098 I/SettingsProvider( 1001): insert settings success:false, table:1 name:screen_brightness_change_by value:android pkg:android
10-25 12:32:17.099 I/SettingsProvider( 1001): insert settings success:true, table:1 name:screen_brightness value:27 pkg:android
10-25 12:32:17.104 I/SettingsProvider( 1001): insert settings success:false, table:1 name:vivo_screen_auto_brightness value:35 pkg:android
10-25 12:32:17.113 I/DisplayPowerState( 1001): mBlockedByFingerprint = 0
10-25 12:32:17.113 E/DisplayPowerState( 1001): run changed=true mNightPearlManager is null! or state != Display.STATE_OFF
10-25 12:32:17.117 I/SettingsProvider( 1001): insert settings success:false, table:1 name:screen_brightness_change_by value:android pkg:android
10-25 12:32:17.117 E/NightPearlManager( 1001): onBacklightStateChanged mService is null.
10-25 12:32:17.117 I/SettingsProvider( 1001): insert settings success:false, table:1 name:screen_brightness value:27 pkg:android
10-25 12:32:17.129 I/DisplayPowerState( 1001): mBlockedByFingerprint = 0
10-25 12:32:17.130 E/DisplayPowerState( 1001): run changed=true mNightPearlManager is null! or state != Display.STATE_OFF
10-25 12:32:17.133 E/NightPearlManager( 1001): onBacklightStateChanged mService is null.
10-25 12:32:17.133 I/SettingsProvider( 1001): insert settings success:false, table:1 name:screen_brightness_change_by value:android pkg:android
10-25 12:32:17.133 I/SettingsProvider( 1001): insert settings success:true, table:1 name:screen_brightness value:28 pkg:android
10-25 12:32:17.139 I/SettingsProvider( 1001): insert settings success:false, table:1 name:vivo_screen_auto_brightness value:35 pkg:android
10-25 12:32:17.147 I/DisplayPowerState( 1001): mBlockedByFingerprint = 0
10-25 12:32:17.147 E/DisplayPowerState( 1001): run changed=true mNightPearlManager is null! or state != Display.STATE_OFF
10-25 12:32:17.150 E/NightPearlManager( 1001): onBacklightStateChanged mService is null.
10-25 12:32:17.150 I/SettingsProvider( 1001): insert settings success:false, table:1 name:screen_brightness_change_by value:android pkg:android
10-25 12:32:17.152 I/SettingsProvider( 1001): insert settings success:true, table:1 name:screen_brightness value:29 pkg:android
10-25 12:32:17.159 I/SettingsProvider( 1001): insert settings success:false, table:1 name:vivo_screen_auto_brightness value:35 pkg:android
10-25 12:32:17.162 I/DisplayPowerState( 1001): mBlockedByFingerprint = 0
10-25 12:32:17.162 E/DisplayPowerState( 1001): run changed=true mNightPearlManager is null! or state != Display.STATE_OFF
10-25 12:32:17.165 E/NightPearlManager( 1001): onBacklightStateChanged mService is null.
10-25 12:32:17.165 I/SettingsProvider( 1001): insert settings success:false, table:1 name:screen_brightness_change_by value:android pkg:android
10-25 12:32:17.165 I/SettingsProvider( 1001): insert settings success:false, table:1 name:screen_brightness value:29 pkg:android
10-25 12:32:17.179 I/DisplayPowerState( 1001): mBlockedByFingerprint = 0
10-25 12:32:17.179 E/DisplayPowerState( 1001): run changed=true mNightPearlManager is null! or state != Display.STATE_OFF
10-25 12:32:17.182 E/NightPearlManager( 1001): onBacklightStateChanged mService is null.
10-25 12:32:17.182 I/SettingsProvider( 1001): insert settings success:false, table:1 name:screen_brightness_change_by value:android pkg:android
10-25 12:32:17.183 I/SettingsProvider( 1001): insert settings success:true, table:1 name:screen_brightness value:30 pkg:android
10-25 12:32:17.188 I/SettingsProvider( 1001): insert settings success:false, table:1 name:vivo_screen_auto_brightness value:35 pkg:android
10-25 12:32:17.196 I/DisplayPowerState( 1001): mBlockedByFingerprint = 0
10-25 12:32:17.196 E/DisplayPowerState( 1001): run changed=true mNightPearlManager is null! or state != Display.STATE_OFF
10-25 12:32:17.199 E/NightPearlManager( 1001): onBacklightStateChanged mService is null.
10-25 12:32:17.199 I/SettingsProvider( 1001): insert settings success:false, table:1 name:screen_brightness_change_by value:android pkg:android
10-25 12:32:17.199 I/SettingsProvider( 1001): insert settings success:true, table:1 name:screen_brightness value:31 pkg:android
10-25 12:32:17.204 I/SettingsProvider( 1001): insert settings success:false, table:1 name:vivo_screen_auto_brightness value:35 pkg:android
10-25 12:32:17.212 I/DisplayPowerState( 1001): mBlockedByFingerprint = 0
10-25 12:32:17.213 E/DisplayPowerState( 1001): run changed=true mNightPearlManager is null! or state != Display.STATE_OFF
10-25 12:32:17.215 E/NightPearlManager( 1001): onBacklightStateChanged mService is null.
10-25 12:32:17.215 I/SettingsProvider( 1001): insert settings success:false, table:1 name:screen_brightness_change_by value:android pkg:android
10-25 12:32:17.216 I/SettingsProvider( 1001): insert settings success:false, table:1 name:screen_brightness value:31 pkg:android
10-25 12:32:17.229 I/DisplayPowerState( 1001): mBlockedByFingerprint = 0
10-25 12:32:17.229 E/DisplayPowerState( 1001): run changed=true mNightPearlManager is null! or state != Display.STATE_OFF
10-25 12:32:17.231 E/NightPearlManager( 1001): onBacklightStateChanged mService is null.
10-25 12:32:17.232 I/SettingsProvider( 1001): insert settings success:false, table:1 name:screen_brightness_change_by value:android pkg:android
10-25 12:32:17.232 I/SettingsProvider( 1001): insert settings success:true, table:1 name:screen_brightness value:32 pkg:android
10-25 12:32:17.237 I/SettingsProvider( 1001): insert settings success:false, table:1 name:vivo_screen_auto_brightness value:35 pkg:android
10-25 12:32:17.243 I/SettingsProvider( 1001): insert settings success:false, table:1 name:vivo_smartmulitwindow_is_allowed_split value:0 pkg:com.vivo.smartmultiwindow
10-25 12:32:17.246 I/DisplayPowerState( 1001): mBlockedByFingerprint = 0
10-25 12:32:17.246 E/DisplayPowerState( 1001): run changed=true mNightPearlManager is null! or state != Display.STATE_OFF
10-25 12:32:17.248 W/ContextImpl( 1693): Calling a method in the system process without a qualified user: android.app.ContextImpl.stopService:1503 android.content.ContextWrapper.stopService:660 com.vivo.smartmultiwindow.l1l.lllll.llll11:538 com.vivo.smartmultiwindow.services.ll111.run:304 java.lang.Thread.run:764 
10-25 12:32:17.249 E/NightPearlManager( 1001): onBacklightStateChanged mService is null.
10-25 12:32:17.249 I/SettingsProvider( 1001): insert settings success:false, table:1 name:screen_brightness_change_by value:android pkg:android
10-25 12:32:17.249 I/SettingsProvider( 1001): insert settings success:true, table:1 name:screen_brightness value:33 pkg:android
10-25 12:32:17.256 I/SettingsProvider( 1001): insert settings success:false, table:1 name:vivo_screen_auto_brightness value:35 pkg:android
10-25 12:32:17.263 I/DisplayPowerState( 1001): mBlockedByFingerprint = 0
10-25 12:32:17.263 E/DisplayPowerState( 1001): run changed=true mNightPearlManager is null! or state != Display.STATE_OFF
10-25 12:32:17.266 E/NightPearlManager( 1001): onBacklightStateChanged mService is null.
10-25 12:32:17.266 I/SettingsProvider( 1001): insert settings success:false, table:1 name:screen_brightness_change_by value:android pkg:android
10-25 12:32:17.266 I/SettingsProvider( 1001): insert settings success:true, table:1 name:screen_brightness value:34 pkg:android
10-25 12:32:17.275 W/WindowManager( 1001): performSurfacePlacementInner:ExcessivePerform:: Called by com.android.server.wm.WindowSurfacePlacer.performSurfacePlacementLoop:198 com.android.server.wm.WindowSurfacePlacer.performSurfacePlacement:146 com.android.server.wm.WindowSurfacePlacer.performSurfacePlacement:136 com.android.server.wm.WindowManagerService.postWindowRemoveCleanupLocked:2182 com.android.server.wm.WindowState.removeImmediately:2060 com.android.server.wm.WindowState.destroySurface:3161 com.android.server.wm.AppWindowToken.destroySurfaces:673 com.android.server.wm.AppWindowToken.destroySurfaces:648 com.android.server.wm.WindowState.onExitAnimationDone:4619 com.android.server.wm.AppWindowAnimator.stepAnimationLocked:493 com.android.server.wm.TaskStack.stepAppWindowsAnimation:1775 com.android.server.wm.WindowContainer.stepAppWindowsAnimation:512 com.android.server.wm.WindowContainer.stepAppWindowsAnimation:512 
10-25 12:32:17.279 I/DisplayPowerState( 1001): mBlockedByFingerprint = 0
10-25 12:32:17.279 E/DisplayPowerState( 1001): run changed=true mNightPearlManager is null! or state != Display.STATE_OFF
10-25 12:32:17.284 E/NightPearlManager( 1001): onBacklightStateChanged mService is null.
10-25 12:32:17.286 I/SettingsProvider( 1001): insert settings success:false, table:1 name:screen_brightness_change_by value:android pkg:android
10-25 12:32:17.287 I/SettingsProvider( 1001): insert settings success:true, table:1 name:screen_brightness value:35 pkg:android
10-25 12:32:17.289 I/SettingsProvider( 1001): insert settings success:false, table:1 name:vivo_screen_auto_brightness value:35 pkg:android
10-25 12:32:17.291 I/WindowManager( 1001): appTransitionStateChanged, mVivoTransitionOnGoing = false
10-25 12:32:17.293 I/SettingsProvider( 1001): insert settings success:false, table:1 name:vivo_screen_auto_brightness value:35 pkg:android
10-25 12:32:17.296 I/DisplayPowerState( 1001): mBlockedByFingerprint = 0
10-25 12:32:17.296 E/DisplayPowerState( 1001): run changed=true mNightPearlManager is null! or state != Display.STATE_OFF
10-25 12:32:17.296 I/SettingsProvider( 1001): insert settings success:false, table:1 name:vivo_screen_auto_brightness value:35 pkg:android
10-25 12:32:17.297 W/WindowManager( 1001): performSurfacePlacementInner:ExcessivePerform:: Called by com.android.server.wm.WindowSurfacePlacer.performSurfacePlacementLoop:198 com.android.server.wm.WindowSurfacePlacer.performSurfacePlacement:146 com.android.server.wm.WindowSurfacePlacer.performSurfacePlacement:136 com.android.server.wm.WindowSurfacePlacer.lambda$-com_android_server_wm_WindowSurfacePlacer_5369:109 com.android.server.wm.-$Lambda$aEpJ2RCAIjecjyIIYTv6ricEwh4.$m$12:4 com.android.server.wm.-$Lambda$aEpJ2RCAIjecjyIIYTv6ricEwh4.run:59 android.os.Handler.handleCallback:790 android.os.Handler.dispatchMessage:99 android.os.Looper.loop:192 android.os.HandlerThread.run:65 com.android.server.ServiceThread.run:46 <bottom of call stack> <bottom of call stack> 
10-25 12:32:17.299 E/NightPearlManager( 1001): onBacklightStateChanged mService is null.
10-25 12:32:17.299 I/SettingsProvider( 1001): insert settings success:false, table:1 name:screen_brightness_change_by value:android pkg:android
10-25 12:32:17.300 I/SettingsProvider( 1001): insert settings success:false, table:1 name:screen_brightness value:35 pkg:android
10-25 12:32:18.662 I/FaceDetectService( 1001): start verify curr = keyguard
10-25 12:32:18.720 W/ContextImpl( 1001): Calling a method in the system process without a qualified user: android.app.ContextImpl.sendBroadcast:981 android.content.ContextWrapper.sendBroadcast:437 android.hardware.Camera.sendOpenCameraBroadCast:614 android.hardware.Camera.<init>:785 android.hardware.Camera.open:453 
10-25 12:32:18.735 W/ContextImpl( 1001): Calling a method in the system process without a qualified user: android.app.ContextImpl.sendBroadcast:981 android.content.ContextWrapper.sendBroadcast:437 android.hardware.Camera.sendStartPreviewBroadCast:730 android.hardware.Camera.startPreview:1032 com.vivo.services.facedetect.FaceCamera.updateCameraLocked:627 
10-25 12:32:19.781 I/VNOILBS ( 1001): VNOILBS mScreenOn=true level=98 mCriticalBatteryLevel=3 mNotificationLowBatteryStates=false mNotificationChargeStates=false status=4
10-25 12:32:19.791 I/VivoUsbDeviceManager( 1001): mUsbNotificationId:0 usbTempId:0 mCurrentFunctions:mtp,adb mUsbDataUnlocked:false
10-25 12:32:19.928 I/FingerprintNotify( 1001): mFingerprintNotifyMessage == null
10-25 12:32:19.932 I/WindowManager( 1001): face unlock keyguardHide
10-25 12:32:19.933 I/WindowManager( 1001): hideKeyguardByFingerprint waiting WindowMap lock...
10-25 12:32:19.933 I/WindowManager( 1001): hideKeyguardByFingerprint hide 1
10-25 12:32:19.933 I/WindowManager( 1001): hideKeyguardByFingerprint, hide = true, childCount = 0
10-25 12:32:19.933 I/WindowManager( 1001): hide by finger print, hide = true, w = Window{18cc9ef u0 StatusBar}
10-25 12:32:19.935 I/WindowManager( 1001): hideKeyguardByFingerprint, doCompositionSync
10-25 12:32:19.952 I/WindowManager( 1001): hideKeyguardByFingerprint cost 18ms
10-25 12:32:19.952 I/WindowManager( 1001): face unlock keyguardDone
10-25 12:32:19.953 I/FaceDetectService( 1001): notify secure unlock
10-25 12:32:19.953 W/ContextImpl( 1001): Calling a method in the system process without a qualified user: android.app.ContextImpl.sendBroadcast:981 com.vivo.services.facedetect.FaceDetectService.sendFaceSuccessToSecure:3834 com.vivo.services.facedetect.FaceDetectService.notifyVerifyResult:2138 com.vivo.services.facedetect.FaceDetectService.handleSuccess:1371 com.vivo.services.facedetect.FaceDetectService.-wrap29:0 
10-25 12:32:20.007 W/WindowManager( 1001): performSurfacePlacementInner:ExcessivePerform:: Called by com.android.server.wm.WindowSurfacePlacer.performSurfacePlacementLoop:198 com.android.server.wm.WindowSurfacePlacer.performSurfacePlacement:146 com.android.server.wm.WindowManagerService.relayoutWindow:2665 com.android.server.wm.Session.relayout:239 android.view.IWindowSession$Stub.onTransact:286 com.android.server.wm.Session.onTransact:163 android.os.Binder.execTransact:708 <bottom of call stack> <bottom of call stack> <bottom of call stack> <bottom of call stack> <bottom of call stack> <bottom of call stack> 
10-25 12:32:20.016 I/WindowManager( 1001): hideKeyguardByFingerprint, hide = false, childCount = 0
10-25 12:32:20.016 I/WindowManager( 1001): hide by finger print, hide = false, w = Window{18cc9ef u0 StatusBar}
10-25 12:32:20.041 I/WindowManager( 1001): appTransitionStateChanged, mVivoTransitionOnGoing = false
10-25 12:32:20.041 I/SettingsProvider( 1001): insert settings success:false, table:2 name:error_confirm_attempts value:0 pkg:com.android.systemui
10-25 12:32:20.041 I/WindowManager( 1001): appTransitionStateChanged, mVivoTransitionOnGoing = false
10-25 12:32:20.049 I/chatty  ( 1001): uid=1000(system) Binder:1001_3 identical 1 line
10-25 12:32:20.054 I/WindowManager( 1001): appTransitionStateChanged, mVivoTransitionOnGoing = false
10-25 12:32:20.057 I/WindowManager( 1001): Launcher not resumed, delay app transition.
10-25 12:32:20.060 I/WindowManager( 1001): Launcher not resumed, delay app transition.
10-25 12:32:20.062 W/WindowManager( 1001): performSurfacePlacementInner:ExcessivePerform:: Called by com.android.server.wm.WindowSurfacePlacer.performSurfacePlacementLoop:198 com.android.server.wm.WindowSurfacePlacer.performSurfacePlacement:146 com.android.server.wm.WindowSurfacePlacer.performSurfacePlacement:136 com.android.server.wm.WindowSurfacePlacer.continueLayout:127 com.android.server.wm.WindowManagerService.continueSurfaceLayout:3582 com.android.server.am.KeyguardController.keyguardGoingAway:172 com.android.server.am.ActivityManagerService.keyguardGoingAway:8854 android.app.IActivityManager$Stub.onTransact:3398 com.android.server.am.ActivityManagerService.onTransact:3503 android.os.Binder.execTransact:708 <bottom of call stack> <bottom of call stack> <bottom of call stack> 
10-25 12:32:20.064 I/LockSettingsService( 1001): Unlocking user 0 with secret only, length 64
10-25 12:32:20.065 W/ActivityManager( 1001): Expected user 0 in state RUNNING_LOCKED but was in state RUNNING_UNLOCKED
10-25 12:32:20.065 W/ActivityManager( 1001): Expected user 999 in state RUNNING_LOCKED but was in state RUNNING_UNLOCKED
10-25 12:32:20.075 I/WindowManager( 1001): appTransitionStateChanged, mVivoTransitionOnGoing = false
10-25 12:32:20.076 I/WindowManager( 1001): appTransitionStateChanged, mVivoTransitionOnGoing = false
10-25 12:32:20.082 W/WindowManager( 1001): performSurfacePlacementInner:ExcessivePerform:: Called by com.android.server.wm.WindowSurfacePlacer.performSurfacePlacementLoop:198 com.android.server.wm.WindowSurfacePlacer.performSurfacePlacement:146 com.android.server.wm.WindowSurfacePlacer.performSurfacePlacement:136 com.android.server.wm.WindowSurfacePlacer.lambda$-com_android_server_wm_WindowSurfacePlacer_5369:109 com.android.server.wm.-$Lambda$aEpJ2RCAIjecjyIIYTv6ricEwh4.$m$12:4 com.android.server.wm.-$Lambda$aEpJ2RCAIjecjyIIYTv6ricEwh4.run:59 android.os.Handler.handleCallback:790 android.os.Handler.dispatchMessage:99 android.os.Looper.loop:192 android.os.HandlerThread.run:65 com.android.server.ServiceThread.run:46 <bottom of call stack> <bottom of call stack> 
10-25 12:32:20.087 W/ContextImpl( 1001): Calling a method in the system process without a qualified user: android.app.ContextImpl.sendBroadcast:981 android.content.ContextWrapper.sendBroadcast:437 android.hardware.Camera.sendReleaseCameraBroadCast:632 android.hardware.Camera.release:834 com.vivo.services.facedetect.FaceCamera.releaseCameraLocked:709 
10-25 12:32:20.089 W/WindowManager( 1001): performSurfacePlacementInner:ExcessivePerform:: Called by com.android.server.wm.WindowSurfacePlacer.performSurfacePlacementLoop:198 com.android.server.wm.WindowSurfacePlacer.performSurfacePlacement:146 com.android.server.wm.WindowSurfacePlacer.performSurfacePlacement:136 com.android.server.wm.WindowSurfacePlacer.lambda$-com_android_server_wm_WindowSurfacePlacer_5369:109 com.android.server.wm.-$Lambda$aEpJ2RCAIjecjyIIYTv6ricEwh4.$m$12:4 com.android.server.wm.-$Lambda$aEpJ2RCAIjecjyIIYTv6ricEwh4.run:59 android.os.Handler.handleCallback:790 android.os.Handler.dispatchMessage:99 android.os.Looper.loop:192 android.os.HandlerThread.run:65 com.android.server.ServiceThread.run:46 <bottom of call stack> <bottom of call stack> 
10-25 12:32:20.091 I/FingerprintUnlockController( 1001): onKeyguardShown false
10-25 12:32:20.091 I/KeyguardUpdateMonitorCallback( 1001): onKeyguardShown false occluded: false
10-25 12:32:20.091 I/KeyguardUpdateMonitorCallback( 1001): fingerprint unlock unsupported
10-25 12:32:20.091 I/PhoneWindowNotifyFace( 1001): notifyObserver result:6
10-25 12:32:20.091 I/FaceDetectService( 1001): notifyFaceDetectKeyHandler action: 6
10-25 12:32:20.092 I/FaceDetectService( 1001): vivofp collectDatatkeyguardExit success
10-25 12:32:20.123 I/PackageManager( 1001): ### pkg:Package{707e093 com.vivo.doubletimezoneclock}
10-25 12:32:20.191 I/LockSettingsService( 1001): Unlocking user 999 with secret only, length 64
10-25 12:32:20.191 W/ActivityManager( 1001): Expected user 999 in state RUNNING_LOCKED but was in state RUNNING_UNLOCKED
10-25 12:32:20.191 I/LockSettingsService( 1001): Managed profile can have escrow token
10-25 12:32:20.191 I/LockSettingsService( 1001): Disabling escrow token on user 0
10-25 12:32:20.196 W/BroadcastQueue( 1001): Background execution not allowed: receiving Intent { act=android.intent.action.USER_PRESENT flg=0x4200010 } to com.gotokeep.keep/com.tencent.android.tpush.XGPushReceiver
10-25 12:32:20.197 W/BroadcastQueue( 1001): Permission Denial: broadcasting Intent { act=android.intent.action.USER_PRESENT flg=0x4200010 } from com.android.systemui (pid=1316, uid=10023) is not exported from uid 10158 due to receiver com.snda.wifilocating/com.lantern.analytics.receiver.NetworkReceiver
10-25 12:32:20.198 W/BroadcastQueue( 1001): Background execution not allowed: receiving Intent { act=android.intent.action.USER_PRESENT flg=0x4200010 } to com.tencent.mtt/com.tencent.android.tpush.XGPushReceiver
10-25 12:32:20.199 I/PackageManager( 1001): ### pkg:Package{94abb8f com.bbk.updater}
10-25 12:32:20.205 W/BroadcastQueue( 1001): Background execution not allowed: receiving Intent { act=android.intent.action.USER_PRESENT flg=0x4200010 } to com.gotokeep.keep/.keepalive.receiver.WakeUpReceiver
10-25 12:32:20.209 W/BroadcastQueue( 1001): Background execution not allowed: receiving Intent { act=android.intent.action.USER_PRESENT flg=0x4200010 } to com.bbk.calendar/.alerts.BirthdayReceiver
10-25 12:32:20.210 W/ContextImpl( 1545): Calling a method in the system process without a qualified user: android.app.ContextImpl.startService:1491 android.content.ContextWrapper.startService:650 com.vivo.daemonService.lll.onReceive:2866 android.app.LoadedApk$ReceiverDispatcher$Args.lambda$-android_app_LoadedApk$ReceiverDispatcher$Args_53617:1339 android.app.-$Lambda$aS31cHIhRx41653CMnd4gZqshIQ.$m$7:4 
10-25 12:32:20.217 W/BroadcastQueue( 1001): Permission Denial: broadcasting Intent { act=android.intent.action.USER_PRESENT flg=0x4200010 } from com.android.systemui (pid=1316, uid=10023) is not exported from uid 10024 due to receiver com.vivo.browser/.freewifi.SelfStartBroadcastReceiver
10-25 12:32:20.218 W/BroadcastQueue( 1001): Background execution not allowed: receiving Intent { act=android.intent.action.USER_PRESENT flg=0x4200010 } to com.vivo.daemonService/.ewarranty.EwarrantyBroadcastReceiver
10-25 12:32:20.225 W/WindowManager( 1001): performSurfacePlacementInner:ExcessivePerform:: Called by com.android.server.wm.WindowSurfacePlacer.performSurfacePlacementLoop:198 com.android.server.wm.WindowSurfacePlacer.performSurfacePlacement:146 com.android.server.wm.WindowManagerService.relayoutWindow:2665 com.android.server.wm.Session.relayout:239 android.view.IWindowSession$Stub.onTransact:286 com.android.server.wm.Session.onTransact:163 android.os.Binder.execTransact:708 <bottom of call stack> <bottom of call stack> <bottom of call stack> <bottom of call stack> <bottom of call stack> <bottom of call stack> 
10-25 12:32:20.230 W/BroadcastQueue( 1001): Permission Denial: broadcasting Intent { act=android.intent.action.USER_PRESENT flg=0x4200010 } from com.android.systemui (pid=1316, uid=10023) is not exported from uid 10162 due to receiver cn.opda.a.phonoalbumshoushou/com.dianxinos.pandora.BoxReceiver
10-25 12:32:20.231 W/BroadcastQueue( 1001): Background execution not allowed: receiving Intent { act=android.intent.action.USER_PRESENT flg=0x4200010 } to com.autonavi.minimap/com.taobao.accs.EventReceiver
10-25 12:32:20.231 W/BroadcastQueue( 1001): Background execution not allowed: receiving Intent { act=android.intent.action.USER_PRESENT flg=0x4200010 } to com.baidu.searchbox/com.baidu.android.pushservice.PushServiceReceiver
10-25 12:32:20.232 W/BroadcastQueue( 1001): Background execution not allowed: receiving Intent { act=android.intent.action.USER_PRESENT flg=0x4200010 } to com.nuomi/com.baidu.android.pushservice.PushServiceReceiver
10-25 12:32:20.232 W/BroadcastQueue( 1001): Background execution not allowed: receiving Intent { act=android.intent.action.USER_PRESENT flg=0x4200010 } to com.nuomi/com.baidu.ibeacon.service.SystemBroadcastReceiver
10-25 12:32:20.232 W/ContextImpl( 1545): Calling a method in the system process without a qualified user: android.app.ContextImpl.sendBroadcast:981 android.content.ContextWrapper.sendBroadcast:437 com.vivo.daemonService.calendar.CalendarService.llll1l:197 com.vivo.daemonService.calendar.CalendarService.onHandleIntent:74 android.app.IntentService$ServiceHandler.handleMessage:76 
10-25 12:32:20.232 W/BroadcastQueue( 1001): Background execution not allowed: receiving Intent { act=android.intent.action.USER_PRESENT flg=0x4200010 } to com.qiyi.video/com.iqiyi.hcim.service.BroadcastCenter
10-25 12:32:20.233 W/BroadcastQueue( 1001): Background execution not allowed: receiving Intent { act=android.intent.action.USER_PRESENT flg=0x4200010 } to com.qiyi.video/com.iqiyi.pushservice.PushServiceReceiver
10-25 12:32:20.233 W/BroadcastQueue( 1001): Background execution not allowed: receiving Intent { act=android.intent.action.USER_PRESENT flg=0x4200010 } to com.qiyi.video/com.iqiyi.impushservice.receiver.ImPushServiceReceiver
10-25 12:32:20.234 W/BroadcastQueue( 1001): Background execution not allowed: receiving Intent { act=android.intent.action.USER_PRESENT flg=0x4200010 } to com.sankuai.meituan/com.dianping.base.push.pushservice.PhoneStatusReceiver
10-25 12:32:20.234 W/WindowManager( 1001): performSurfacePlacementInner:ExcessivePerform:: Called by com.android.server.wm.WindowSurfacePlacer.performSurfacePlacementLoop:198 com.android.server.wm.WindowSurfacePlacer.performSurfacePlacement:146 com.android.server.wm.WindowSurfacePlacer.performSurfacePlacement:136 com.android.server.wm.WindowManagerService$3.run:8952 android.os.Handler.handleCallback:790 android.os.Handler.dispatchMessage:99 android.os.Looper.loop:192 android.os.HandlerThread.run:65 com.android.server.ServiceThread.run:46 <bottom of call stack> <bottom of call stack> <bottom of call stack> <bottom of call stack> 
10-25 12:32:20.234 W/BroadcastQueue( 1001): Background execution not allowed: receiving Intent { act=android.intent.action.USER_PRESENT flg=0x4200010 } to com.ss.android.ugc.aweme/com.ss.android.message.MessageReceiver
10-25 12:32:20.237 W/BroadcastQueue( 1001): Background execution not allowed: receiving Intent { act=android.intent.action.USER_PRESENT flg=0x4200010 } to com.ss.android.ugc.aweme/com.ss.android.message.sswo.SswoReceiver
10-25 12:32:20.238 W/BroadcastQueue( 1001): Background execution not allowed: receiving Intent { act=android.intent.action.USER_PRESENT flg=0x4200010 } to com.ss.android.ugc.aweme/com.ss.android.push.window.oppo.ScreenReceiver
10-25 12:32:20.247 W/BroadcastQueue( 1001): Background execution not allowed: receiving Intent { act=android.intent.action.USER_PRESENT flg=0x4200010 } to com.ss.android.ugc.aweme/com.taobao.accs.EventReceiver
10-25 12:32:20.247 W/BroadcastQueue( 1001): Background execution not allowed: receiving Intent { act=android.intent.action.USER_PRESENT flg=0x4200010 } to com.taobao.taobao/com.taobao.accs.EventReceiver
10-25 12:32:20.248 W/BroadcastQueue( 1001): Background execution not allowed: receiving Intent { act=android.intent.action.USER_PRESENT flg=0x4200010 } to com.taobao.trip/com.taobao.accs.EventReceiver
10-25 12:32:20.249 W/BroadcastQueue( 1001): Background execution not allowed: receiving Intent { act=android.intent.action.USER_PRESENT flg=0x4200010 } to com.tencent.androidqqmail/com.tencent.qqmail.utilities.qmbroadcastreceiver.QMPushReceiver
10-25 12:32:20.249 W/BroadcastQueue( 1001): Background execution not allowed: receiving Intent { act=android.intent.action.USER_PRESENT flg=0x4200010 } to com.youdao.dict/com.youdao.dnscache.net.networktype.NetworkStateReceiver
10-25 12:32:20.272 I/WindowManager( 1001): Relayout Window{e5d46a6 u0 NavigationBar}: oldVis=8 newVis=0 focusMayChange = true
10-25 12:32:20.324 W/WindowManager( 1001): performSurfacePlacementInner:ExcessivePerform:: Called by com.android.server.wm.WindowSurfacePlacer.performSurfacePlacementLoop:198 com.android.server.wm.WindowSurfacePlacer.performSurfacePlacement:146 com.android.server.wm.WindowManagerService.relayoutWindow:2665 com.android.server.wm.Session.relayout:239 android.view.IWindowSession$Stub.onTransact:286 com.android.server.wm.Session.onTransact:163 android.os.Binder.execTransact:708 <bottom of call stack> <bottom of call stack> <bottom of call stack> <bottom of call stack> <bottom of call stack> <bottom of call stack> 
10-25 12:32:20.331 W/WindowManager( 1001): performSurfacePlacementInner:ExcessivePerform:: Called by com.android.server.wm.WindowSurfacePlacer.performSurfacePlacementLoop:198 com.android.server.wm.WindowSurfacePlacer.performSurfacePlacement:146 com.android.server.wm.WindowManagerService.relayoutWindow:2665 com.android.server.wm.Session.relayout:239 android.view.IWindowSession$Stub.onTransact:286 com.android.server.wm.Session.onTransact:163 android.os.Binder.execTransact:708 <bottom of call stack> <bottom of call stack> <bottom of call stack> <bottom of call stack> <bottom of call stack> <bottom of call stack> 
10-25 12:32:20.336 W/WindowManager( 1001): performSurfacePlacementInner:ExcessivePerform:: Called by com.android.server.wm.WindowSurfacePlacer.performSurfacePlacementLoop:198 com.android.server.wm.WindowSurfacePlacer.performSurfacePlacement:146 com.android.server.wm.WindowSurfacePlacer.performSurfacePlacement:136 com.android.server.wm.WindowManagerService$3.run:8952 android.os.Handler.handleCallback:790 android.os.Handler.dispatchMessage:99 android.os.Looper.loop:192 android.os.HandlerThread.run:65 com.android.server.ServiceThread.run:46 <bottom of call stack> <bottom of call stack> <bottom of call stack> <bottom of call stack> 
10-25 12:32:21.205 I/PackageManager( 1001): ### pkg:Package{707e093 com.vivo.doubletimezoneclock}
10-25 12:32:22.059 I/PackageManager( 1001): ### pkg:Package{707e093 com.vivo.doubletimezoneclock}
10-25 12:32:22.072 I/PackageManager( 1001): ### pkg:Package{707e093 com.vivo.doubletimezoneclock}
10-25 12:32:22.105 I/PackageManager( 1001): ### pkg:Package{544f471 com.vivo.browser}
10-25 12:32:22.131 I/PackageManager( 1001): ### pkg:Package{18697ee com.vivo.weather.provider}
10-25 12:32:22.151 I/PackageManager( 1001): ### pkg:Package{1eadbe1 com.vivo.weather}
10-25 12:32:22.294 W/ActivityManager( 1001): Unable to start service Intent { act=android.security.IKeyChainService cmp=com.android.keychain/.KeyChainService } U=999: not found
10-25 12:32:28.073 I/PackageManager( 1001): ### pkg:Package{707e093 com.vivo.doubletimezoneclock}
10-25 12:32:30.547 W/ContextImpl( 1576): Calling a method in the system process without a qualified user: android.app.ContextImpl.sendBroadcast:981 android.content.ContextWrapper.sendBroadcast:437 com.vivo.upslide.l11l1.lll11l1:1255 com.vivo.upslide.l11l1.lll1:85 com.vivo.upslide.lll11.run:1234 
10-25 12:32:30.577 I/WindowManager( 1001): Relayout Window{d844cb7 u0 UpSlideTransparentView}: oldVis=4 newVis=0 focusMayChange = true
10-25 12:32:31.700 W/ContextImpl( 1576): Calling a method in the system process without a qualified user: android.app.ContextImpl.sendBroadcast:981 android.content.ContextWrapper.sendBroadcast:437 com.vivo.upslide.l11l1.lll11ll:1261 com.vivo.upslide.l11l1.llll:85 com.vivo.upslide.lll11.run:1236 
10-25 12:32:31.767 W/WindowManager( 1001): performSurfacePlacementInner:ExcessivePerform:: Called by com.android.server.wm.WindowSurfacePlacer.performSurfacePlacementLoop:198 com.android.server.wm.WindowSurfacePlacer.performSurfacePlacement:146 com.android.server.wm.WindowManagerService.relayoutWindow:2665 com.android.server.wm.Session.relayout:239 android.view.IWindowSession$Stub.onTransact:286 com.android.server.wm.Session.onTransact:163 android.os.Binder.execTransact:708 <bottom of call stack> <bottom of call stack> <bottom of call stack> <bottom of call stack> <bottom of call stack> <bottom of call stack> 
10-25 12:32:31.773 W/WindowManager( 1001): performSurfacePlacementInner:ExcessivePerform:: Called by com.android.server.wm.WindowSurfacePlacer.performSurfacePlacementLoop:198 com.android.server.wm.WindowSurfacePlacer.performSurfacePlacement:146 com.android.server.wm.WindowManagerService.relayoutWindow:2665 com.android.server.wm.Session.relayout:239 android.view.IWindowSession$Stub.onTransact:286 com.android.server.wm.Session.onTransact:163 android.os.Binder.execTransact:708 <bottom of call stack> <bottom of call stack> <bottom of call stack> <bottom of call stack> <bottom of call stack> <bottom of call stack> 
10-25 12:32:39.582 I/VNOILBS ( 1001): VNOILBS mScreenOn=true level=98 mCriticalBatteryLevel=3 mNotificationLowBatteryStates=false mNotificationChargeStates=false status=4
10-25 12:32:39.586 I/VivoUsbDeviceManager( 1001): mUsbNotificationId:0 usbTempId:0 mCurrentFunctions:mtp,adb mUsbDataUnlocked:false
10-25 12:32:41.240 I/ActivityManager( 1001): START u0 {act=android.intent.action.MAIN cat=[android.intent.category.LAUNCHER] flg=0x30200000 cmp=com.ss.android.ugc.aweme/.splash.SplashActivity bnds=[276,646][444,829] (has extras)} from uid 10032
10-25 12:32:41.240 I/ActivityManager( 1001): send message.
10-25 12:32:41.241 I/ActivityManager( 1001): remove message.
10-25 12:32:41.242 I/ActivityManager( 1001): send message.
10-25 12:32:41.242 I/ActivityManager( 1001): remove message.
10-25 12:32:41.277 I/WindowManager( 1001): appTransitionStateChanged, mVivoTransitionOnGoing = false
10-25 12:32:41.286 I/WindowManager( 1001): overridePendingAppTransitionThumbFromLauncher, bmpWidth = null, bmpHeight = null, startX = 309, startY = 675, scaleUp = true, animateExit = false, isTransitionSet() = true, mNextAppTransitionType = 0
10-25 12:32:41.286 I/WindowManager( 1001): after overridePendingAppTransitionThumbFromLauncher
10-25 12:32:41.288 I/WindowManager( 1001): appTransitionStateChanged, mVivoTransitionOnGoing = false
10-25 12:32:41.303 I/ActivityManager( 1001): Start proc 8068:com.ss.android.ugc.aweme/u0a375 for activity com.ss.android.ugc.aweme/.splash.SplashActivity
10-25 12:32:41.340 I/WindowManager( 1001): appTransitionStateChanged, mVivoTransitionOnGoing = false
10-25 12:32:41.389 W/WindowManager( 1001): performSurfacePlacementInner:ExcessivePerform:: Called by com.android.server.wm.WindowSurfacePlacer.performSurfacePlacementLoop:198 com.android.server.wm.WindowSurfacePlacer.performSurfacePlacement:146 com.android.server.wm.WindowManagerService.relayoutWindow:2665 com.android.server.wm.Session.relayout:239 android.view.IWindowSession$Stub.onTransact:286 com.android.server.wm.Session.onTransact:163 android.os.Binder.execTransact:708 <bottom of call stack> <bottom of call stack> <bottom of call stack> <bottom of call stack> <bottom of call stack> <bottom of call stack> 
10-25 12:32:41.424 I/WindowManager( 1001): appTransitionStateChanged, mVivoTransitionOnGoing = true
10-25 12:32:41.428 W/WindowManager( 1001): performSurfacePlacementInner:ExcessivePerform:: Called by com.android.server.wm.WindowSurfacePlacer.performSurfacePlacementLoop:198 com.android.server.wm.WindowSurfacePlacer.performSurfacePlacement:146 com.android.server.wm.WindowSurfacePlacer.performSurfacePlacement:136 com.android.server.wm.WindowSurfacePlacer.lambda$-com_android_server_wm_WindowSurfacePlacer_5369:109 com.android.server.wm.-$Lambda$aEpJ2RCAIjecjyIIYTv6ricEwh4.$m$12:4 com.android.server.wm.-$Lambda$aEpJ2RCAIjecjyIIYTv6ricEwh4.run:59 android.os.Handler.handleCallback:790 android.os.Handler.dispatchMessage:99 android.os.Looper.loop:192 android.os.HandlerThread.run:65 com.android.server.ServiceThread.run:46 <bottom of call stack> <bottom of call stack> 
10-25 12:32:41.433 I/SettingsProvider( 1001): insert settings success:true, table:1 name:vivo_fullscreen_flag value:1 pkg:android
10-25 12:32:41.467 I/WindowManager( 1001): relayoutWindow, start wait: WM.LayoutParams{(0,0)(fillxfill) sim=#20 ty=2019 fl=#1800068 fmt=-3 colorMode=0 homeIndicatorState=-1 keepFullScreen=0 internalFlag=0x0}
10-25 12:32:41.675 I/WindowManager( 1001): appTransitionStateChanged, mVivoTransitionOnGoing = false
10-25 12:32:41.675 I/WindowManager( 1001): relayoutWindow, end wait
10-25 12:32:41.681 W/WindowManager( 1001): performSurfacePlacementInner:ExcessivePerform:: Called by com.android.server.wm.WindowSurfacePlacer.performSurfacePlacementLoop:198 com.android.server.wm.WindowSurfacePlacer.performSurfacePlacement:146 com.android.server.wm.WindowSurfacePlacer.performSurfacePlacement:136 com.android.server.wm.WindowSurfacePlacer.lambda$-com_android_server_wm_WindowSurfacePlacer_5369:109 com.android.server.wm.-$Lambda$aEpJ2RCAIjecjyIIYTv6ricEwh4.$m$12:4 com.android.server.wm.-$Lambda$aEpJ2RCAIjecjyIIYTv6ricEwh4.run:59 android.os.Handler.handleCallback:790 android.os.Handler.dispatchMessage:99 android.os.Looper.loop:192 android.os.HandlerThread.run:65 com.android.server.ServiceThread.run:46 <bottom of call stack> <bottom of call stack> 
10-25 12:32:41.687 W/WindowManager( 1001): performSurfacePlacementInner:ExcessivePerform:: Called by com.android.server.wm.WindowSurfacePlacer.performSurfacePlacementLoop:198 com.android.server.wm.WindowSurfacePlacer.performSurfacePlacement:146 com.android.server.wm.WindowManagerService.relayoutWindow:2665 com.android.server.wm.Session.relayout:239 android.view.IWindowSession$Stub.onTransact:286 com.android.server.wm.Session.onTransact:163 android.os.Binder.execTransact:708 <bottom of call stack> <bottom of call stack> <bottom of call stack> <bottom of call stack> <bottom of call stack> <bottom of call stack> 
10-25 12:32:41.744 W/ContextImpl( 1576): Calling a method in the system process without a qualified user: android.app.ContextImpl.sendBroadcast:981 android.content.ContextWrapper.sendBroadcast:437 com.vivo.upslide.l11l1.lll11l1:1255 com.vivo.upslide.l11l1.lll1:85 com.vivo.upslide.lll11.run:1234 
10-25 12:32:41.777 I/WindowManager( 1001): Relayout Window{d844cb7 u0 UpSlideTransparentView}: oldVis=4 newVis=0 focusMayChange = true
10-25 12:32:41.796 W/WindowManager( 1001): performSurfacePlacementInner:ExcessivePerform:: Called by com.android.server.wm.WindowSurfacePlacer.performSurfacePlacementLoop:198 com.android.server.wm.WindowSurfacePlacer.performSurfacePlacement:146 com.android.server.wm.WindowManagerService.relayoutWindow:2665 com.android.server.wm.Session.relayout:239 android.view.IWindowSession$Stub.onTransact:286 com.android.server.wm.Session.onTransact:163 android.os.Binder.execTransact:708 <bottom of call stack> <bottom of call stack> <bottom of call stack> <bottom of call stack> <bottom of call stack> <bottom of call stack> 
10-25 12:32:41.875 I/SettingsProvider( 1001): insert settings success:false, table:2 name:enabled_notification_listeners value:com.bbk.launcher2/com.bbk.launcher2.NotificationCollectorListener:com.vivo.pushservice/com.vivo.push.util.NotificationMonitor pkg:android
10-25 12:32:41.875 I/SettingsProvider( 1001): insert settings success:false, table:2 name:enabled_notification_policy_access_packages value:com.android.camera2 pkg:android
10-25 12:32:42.010 I/FtBuild ( 8068): getRomVersion mRomVer=4.0
10-25 12:32:42.118 I/ActivityManager( 1001): START u0 {act=android.intent.action.MAIN cat=[android.intent.category.LAUNCHER] flg=0x14000000 cmp=com.ss.android.ugc.aweme/.main.MainActivity (has extras)} from uid 10375
10-25 12:32:42.119 I/ActivityManager( 1001): send message.
10-25 12:32:42.120 I/ActivityManager( 1001): remove message.
10-25 12:32:42.120 I/ActivityManager( 1001): send message.
10-25 12:32:42.121 I/ActivityManager( 1001): remove message.
10-25 12:32:42.127 I/WindowManager( 1001): appTransitionStateChanged, mVivoTransitionOnGoing = false
10-25 12:32:42.133 I/VPS     ( 1001): Runtime permission, PERMISSION_GRANTED! uid:10375 pid:8068
10-25 12:32:42.141 W/WindowManager( 1001): performSurfacePlacementInner:ExcessivePerform:: Called by com.android.server.wm.WindowSurfacePlacer.performSurfacePlacementLoop:198 com.android.server.wm.WindowSurfacePlacer.performSurfacePlacement:146 com.android.server.wm.WindowSurfacePlacer.performSurfacePlacement:136 com.android.server.wm.WindowSurfacePlacer.lambda$-com_android_server_wm_WindowSurfacePlacer_5369:109 com.android.server.wm.-$Lambda$aEpJ2RCAIjecjyIIYTv6ricEwh4.$m$12:4 com.android.server.wm.-$Lambda$aEpJ2RCAIjecjyIIYTv6ricEwh4.run:59 android.os.Handler.handleCallback:790 android.os.Handler.dispatchMessage:99 android.os.Looper.loop:192 android.os.HandlerThread.run:65 com.android.server.ServiceThread.run:46 <bottom of call stack> <bottom of call stack> 
10-25 12:32:42.142 I/ActivityManager( 1001): vivoAdjustFocusedActivityStackLocked step1 r = ActivityRecord{33cb2b u0 com.ss.android.ugc.aweme/.splash.SplashActivity t340 f}, reason = finishActivity, mResumedActivity = null
10-25 12:32:42.146 W/WindowManager( 1001): performSurfacePlacementInner:ExcessivePerform:: Called by com.android.server.wm.WindowSurfacePlacer.performSurfacePlacementLoop:198 com.android.server.wm.WindowSurfacePlacer.performSurfacePlacement:146 com.android.server.wm.WindowSurfacePlacer.performSurfacePlacement:136 com.android.server.wm.WindowSurfacePlacer.continueLayout:127 com.android.server.wm.WindowManagerService.continueSurfaceLayout:3582 com.android.server.am.ActivityStack.finishActivityLocked:4437 com.android.server.am.ActivityStack.finishActivityLocked:4308 com.android.server.am.ActivityStack.requestFinishActivityLocked:4156 com.android.server.am.ActivityManagerService.finishActivity:6387 android.app.IActivityManager$Stub.onTransact:150 com.android.server.am.ActivityManagerService.onTransact:3503 android.os.Binder.execTransact:708 <bottom of call stack> 
10-25 12:32:42.157 I/WindowManager( 1001): appTransitionStateChanged, mVivoTransitionOnGoing = false
10-25 12:32:42.166 I/chatty  ( 1001): uid=1000(system) Binder:1001_8 identical 1 line
10-25 12:32:42.176 I/WindowManager( 1001): appTransitionStateChanged, mVivoTransitionOnGoing = false
10-25 12:32:42.181 W/WindowManager( 1001): performSurfacePlacementInner:ExcessivePerform:: Called by com.android.server.wm.WindowSurfacePlacer.performSurfacePlacementLoop:198 com.android.server.wm.WindowSurfacePlacer.performSurfacePlacement:146 com.android.server.wm.WindowSurfacePlacer.performSurfacePlacement:136 com.android.server.wm.WindowSurfacePlacer.continueLayout:127 com.android.server.wm.WindowManagerService.continueSurfaceLayout:3582 com.android.server.am.ActivityStack.activityPausedLocked:1584 com.android.server.am.ActivityManagerService.activityPaused:9076 android.app.IActivityManager$Stub.onTransact:318 com.android.server.am.ActivityManagerService.onTransact:3503 android.os.Binder.execTransact:708 <bottom of call stack> <bottom of call stack> <bottom of call stack> 
10-25 12:32:42.352 I/VPS     ( 1001): Runtime permission, PERMISSION_GRANTED! uid:10375 pid:8068
10-25 12:32:42.414 I/chatty  ( 1001): uid=1000(system) Binder:1001_8 identical 2 lines
10-25 12:32:42.431 I/VPS     ( 1001): Runtime permission, PERMISSION_GRANTED! uid:10375 pid:8068
10-25 12:32:42.453 I/VPS     ( 1001): Runtime permission, PERMISSION_GRANTED! uid:10375 pid:8068
10-25 12:32:42.473 I/VPS     ( 1001): Runtime permission, PERMISSION_GRANTED! uid:10375 pid:8068
10-25 12:32:42.490 I/VPS     ( 1001): Runtime permission, PERMISSION_GRANTED! uid:10375 pid:8068
10-25 12:32:42.509 I/VPS     ( 1001): Runtime permission, PERMISSION_GRANTED! uid:10375 pid:8068
10-25 12:32:42.533 I/VPS     ( 1001): Runtime permission, PERMISSION_GRANTED! uid:10375 pid:8068
10-25 12:32:42.540 I/WindowManager( 1001): appTransitionStateChanged, mVivoTransitionOnGoing = false
10-25 12:32:42.548 I/VPS     ( 1001): Runtime permission, PERMISSION_GRANTED! uid:10375 pid:8068
10-25 12:32:42.567 I/chatty  ( 1001): uid=1000(system) Binder:1001_C identical 1 line
