10-25 12:37:42.830 W/NetworkStatsRecorder( 1001): unknown interfaces [lo, ccmni2, ccmni3], ignoring those stats
10-25 12:37:42.831 W/NetworkStatsRecorder( 1001): unknown interfaces [lo, ccmni2, ccmni3], ignoring those stats
10-25 12:37:48.949 I/VNOILBS ( 1001): VNOILBS mScreenOn=true level=97 mCriticalBatteryLevel=3 mNotificationLowBatteryStates=false mNotificationChargeStates=false status=4
10-25 12:37:48.953 I/VivoUsbDeviceManager( 1001): mUsbNotificationId:0 usbTempId:0 mCurrentFunctions:mtp,adb mUsbDataUnlocked:false
10-25 12:37:52.772 W/ActivityManager( 1001): Unable to start service Intent { act=android.security.IKeyChainService cmp=com.android.keychain/.KeyChainService } U=999: not found
10-25 12:37:58.101 I/PackageManager( 1001): ### pkg:Package{588ec6e com.tencent.mobileqq}
10-25 12:37:58.225 I/VPS     ( 1001): Runtime permission, PERMISSION_GRANTED! uid:10167 pid:31281
10-25 12:37:59.759 W/BroadcastQueue( 1001): Background execution not allowed: receiving Intent { act=android.net.wifi.RSSI_CHANGED flg=0x4000010 (has extras) } to com.tencent.androidqqmail/com.tencent.qqmail.utilities.qmbroadcastreceiver.WifiChangeReceiver
10-25 12:37:59.765 I/VPS     ( 1001): Runtime permission, PERMISSION_GRANTED! uid:10167 pid:14650
10-25 12:38:06.061 I/VPS     ( 1001): Runtime permission, PERMISSION_GRANTED! uid:10375 pid:8068
10-25 12:38:07.264 I/NetworkStatsRecorder( 1001): recordSnapshotLocked: ident[[{type=WIFI, subType=COMBINED, networkId="SVD-2.4GHz", metered=false}]]
10-25 12:38:07.264 W/NetworkStatsRecorder( 1001): unknown interfaces [lo, ccmni2, ccmni3], ignoring those stats
10-25 12:38:07.264 I/NetworkStatsRecorder( 1001): recordSnapshotLocked: ident[[{type=WIFI, subType=COMBINED, networkId="SVD-2.4GHz", metered=false}]]
10-25 12:38:07.264 W/NetworkStatsRecorder( 1001): unknown interfaces [lo, ccmni2, ccmni3], ignoring those stats
10-25 12:38:07.266 I/NetworkStatsRecorder( 1001): recordSnapshotLocked: ident[[{type=WIFI, subType=COMBINED, networkId="SVD-2.4GHz", metered=false}]]
10-25 12:38:07.266 I/chatty  ( 1001): uid=1000(system) NetworkStats identical 2 lines
10-25 12:38:07.266 I/NetworkStatsRecorder( 1001): recordSnapshotLocked: ident[[{type=WIFI, subType=COMBINED, networkId="SVD-2.4GHz", metered=false}]]
10-25 12:38:07.267 W/NetworkStatsRecorder( 1001): unknown interfaces [lo, ccmni2, ccmni3], ignoring those stats
10-25 12:38:07.268 W/NetworkStatsRecorder( 1001): unknown interfaces [lo, ccmni2, ccmni3], ignoring those stats
10-25 12:38:08.890 I/VNOILBS ( 1001): VNOILBS mScreenOn=true level=97 mCriticalBatteryLevel=3 mNotificationLowBatteryStates=false mNotificationChargeStates=false status=4
10-25 12:38:08.893 I/VivoUsbDeviceManager( 1001): mUsbNotificationId:0 usbTempId:0 mCurrentFunctions:mtp,adb mUsbDataUnlocked:false
10-25 12:38:17.907 I/NetworkStatsRecorder( 1001): recordSnapshotLocked: ident[[{type=WIFI, subType=COMBINED, networkId="SVD-2.4GHz", metered=false}]]
10-25 12:38:17.908 W/NetworkStatsRecorder( 1001): unknown interfaces [lo, ccmni2, ccmni3], ignoring those stats
10-25 12:38:17.908 I/NetworkStatsRecorder( 1001): recordSnapshotLocked: ident[[{type=WIFI, subType=COMBINED, networkId="SVD-2.4GHz", metered=false}]]
10-25 12:38:17.909 W/NetworkStatsRecorder( 1001): unknown interfaces [lo, ccmni2, ccmni3], ignoring those stats
10-25 12:38:17.910 I/NetworkStatsRecorder( 1001): recordSnapshotLocked: ident[[{type=WIFI, subType=COMBINED, networkId="SVD-2.4GHz", metered=false}]]
10-25 12:38:17.910 I/chatty  ( 1001): uid=1000(system) NetworkStats identical 1 line
10-25 12:38:17.910 I/NetworkStatsRecorder( 1001): recordSnapshotLocked: ident[[{type=WIFI, subType=COMBINED, networkId="SVD-2.4GHz", metered=false}]]
10-25 12:38:17.911 W/NetworkStatsRecorder( 1001): unknown interfaces [lo, ccmni2, ccmni3], ignoring those stats
10-25 12:38:17.911 I/NetworkStatsRecorder( 1001): recordSnapshotLocked: ident[[{type=WIFI, subType=COMBINED, networkId="SVD-2.4GHz", metered=false}]]
10-25 12:38:17.912 W/NetworkStatsRecorder( 1001): unknown interfaces [lo, ccmni2, ccmni3], ignoring those stats
10-25 12:38:22.809 I/VPS     ( 1001): Runtime permission, PERMISSION_GRANTED! uid:10375 pid:8068
10-25 12:38:22.815 W/ActivityManager( 1001): Unable to start service Intent { act=android.security.IKeyChainService cmp=com.android.keychain/.KeyChainService } U=999: not found
10-25 12:38:23.883 W/BroadcastQueue( 1001): Background execution not allowed: receiving Intent { act=android.net.wifi.RSSI_CHANGED flg=0x4000010 (has extras) } to com.tencent.androidqqmail/com.tencent.qqmail.utilities.qmbroadcastreceiver.WifiChangeReceiver
10-25 12:38:23.892 I/VPS     ( 1001): Runtime permission, PERMISSION_GRANTED! uid:10167 pid:14650
10-25 12:38:26.213 I/VPS     ( 1001): Runtime permission, PERMISSION_GRANTED! uid:10375 pid:8068
10-25 12:38:26.393 I/chatty  ( 1001): uid=1000(system) Binder:1001_E identical 1 line
10-25 12:38:26.404 I/VPS     ( 1001): Runtime permission, PERMISSION_GRANTED! uid:10375 pid:8068
10-25 12:38:30.842 I/NetworkStatsRecorder( 1001): recordSnapshotLocked: ident[[{type=WIFI, subType=COMBINED, networkId="SVD-2.4GHz", metered=false}]]
10-25 12:38:30.842 W/NetworkStatsRecorder( 1001): unknown interfaces [lo, ccmni2, ccmni3], ignoring those stats
10-25 12:38:30.842 I/NetworkStatsRecorder( 1001): recordSnapshotLocked: ident[[{type=WIFI, subType=COMBINED, networkId="SVD-2.4GHz", metered=false}]]
10-25 12:38:30.843 W/NetworkStatsRecorder( 1001): unknown interfaces [lo, ccmni2, ccmni3], ignoring those stats
10-25 12:38:30.844 I/NetworkStatsRecorder( 1001): recordSnapshotLocked: ident[[{type=WIFI, subType=COMBINED, networkId="SVD-2.4GHz", metered=false}]]
10-25 12:38:30.844 I/chatty  ( 1001): uid=1000(system) NetworkStats identical 3 lines
10-25 12:38:30.844 I/NetworkStatsRecorder( 1001): recordSnapshotLocked: ident[[{type=WIFI, subType=COMBINED, networkId="SVD-2.4GHz", metered=false}]]
10-25 12:38:30.844 W/NetworkStatsRecorder( 1001): unknown interfaces [lo, ccmni2, ccmni3], ignoring those stats
10-25 12:38:30.845 W/NetworkStatsRecorder( 1001): unknown interfaces [lo, ccmni2, ccmni3], ignoring those stats
10-25 12:38:32.411 I/FingerprintUnlockController( 1001): keyCode: 3, action: 0
10-25 12:38:32.412 I/KeyguardUpdateMonitorCallback( 1001): keyCode: 3, action: 0
10-25 12:38:32.412 I/KeyguardUpdateMonitorCallback( 1001): fingerprint unlock unsupported
10-25 12:38:32.415 I/FingerprintUnlockController( 1001): keyCode: 3, action: 1
10-25 12:38:32.415 I/KeyguardUpdateMonitorCallback( 1001): keyCode: 3, action: 1
10-25 12:38:32.415 I/KeyguardUpdateMonitorCallback( 1001): fingerprint unlock unsupported
10-25 12:38:32.430 I/ActivityManager( 1001): START u0 {act=android.intent.action.MAIN cat=[android.intent.category.HOME] flg=0x10200000 cmp=com.bbk.launcher2/.Launcher (has extras)} from uid 1000
10-25 12:38:32.430 I/ActivityManager( 1001): send message.
10-25 12:38:32.432 I/ActivityManager( 1001): remove message.
10-25 12:38:32.432 I/ActivityManager( 1001): send message.
10-25 12:38:32.433 I/ActivityManager( 1001): remove message.
10-25 12:38:32.457 I/WindowManager( 1001): appTransitionStateChanged, mVivoTransitionOnGoing = false
10-25 12:38:32.494 I/WindowManager( 1001): appTransitionStateChanged, mVivoTransitionOnGoing = false
10-25 12:38:32.513 I/ActivityManager( 1001): Killing 2949:com.vivo.gallery/u0a91 (adj 906): empty for 1800s
10-25 12:38:32.534 I/WindowManager( 1001): Relayout Window{d844cb7 u0 UpSlideTransparentView}: oldVis=8 newVis=0 focusMayChange = true
10-25 12:38:32.545 W/WindowManager( 1001): performSurfacePlacementInner:ExcessivePerform:: Called by com.android.server.wm.WindowSurfacePlacer.performSurfacePlacementLoop:198 com.android.server.wm.WindowSurfacePlacer.performSurfacePlacement:146 com.android.server.wm.WindowManagerService.relayoutWindow:2665 com.android.server.wm.Session.relayout:239 android.view.IWindowSession$Stub.onTransact:286 com.android.server.wm.Session.onTransact:163 android.os.Binder.execTransact:708 <bottom of call stack> <bottom of call stack> <bottom of call stack> <bottom of call stack> <bottom of call stack> <bottom of call stack> 
10-25 12:38:32.548 I/WindowManager( 1001): appTransitionStateChanged, mVivoTransitionOnGoing = false
10-25 12:38:32.549 I/WindowManager( 1001): appTransitionStateChanged, mVivoTransitionOnGoing = false
10-25 12:38:32.581 W/WindowManager( 1001): performSurfacePlacementInner:ExcessivePerform:: Called by com.android.server.wm.WindowSurfacePlacer.performSurfacePlacementLoop:198 com.android.server.wm.WindowSurfacePlacer.performSurfacePlacement:146 com.android.server.wm.WindowSurfacePlacer.performSurfacePlacement:136 com.android.server.wm.WindowSurfacePlacer.lambda$-com_android_server_wm_WindowSurfacePlacer_5369:109 com.android.server.wm.-$Lambda$aEpJ2RCAIjecjyIIYTv6ricEwh4.$m$12:4 com.android.server.wm.-$Lambda$aEpJ2RCAIjecjyIIYTv6ricEwh4.run:59 android.os.Handler.handleCallback:790 android.os.Handler.dispatchMessage:99 android.os.Looper.loop:192 android.os.HandlerThread.run:65 com.android.server.ServiceThread.run:46 <bottom of call stack> <bottom of call stack> 
10-25 12:38:32.600 I/WindowManager( 1001): overridePendingAppTransitionThumbFromLauncher, bmpWidth = null, bmpHeight = null, startX = 360, startY = 760, scaleUp = false, animateExit = false, isTransitionSet() = true, mNextAppTransitionType = 0
10-25 12:38:32.601 I/WindowManager( 1001): after overridePendingAppTransitionThumbFromLauncher
10-25 12:38:32.621 I/WindowManager( 1001): Relayout Window{90b1a53 u0 com.bbk.launcher2/com.bbk.launcher2.Launcher}: oldVis=4 newVis=0 focusMayChange = true
10-25 12:38:32.645 I/VPS     ( 1001): Runtime permission, PERMISSION_GRANTED! uid:10375 pid:8068
10-25 12:38:32.651 I/WindowManager( 1001): appTransitionStateChanged, mVivoTransitionOnGoing = false
10-25 12:38:32.666 I/ActivityManager( 1001): vivoAdjustFocusedActivityStackLocked step1 r = ActivityRecord{96903a9 u0 com.ss.android.ugc.aweme/.main.MainActivity t340}, reason = stopActivity, mResumedActivity = null
10-25 12:38:32.696 I/VPS     ( 1001): Runtime permission, PERMISSION_GRANTED! uid:10375 pid:8068
10-25 12:38:32.700 I/WindowManager( 1001): appTransitionStateChanged, mVivoTransitionOnGoing = false
10-25 12:38:32.706 W/WindowManager( 1001): performSurfacePlacementInner:ExcessivePerform:: Called by com.android.server.wm.WindowSurfacePlacer.performSurfacePlacementLoop:198 com.android.server.wm.WindowSurfacePlacer.performSurfacePlacement:146 com.android.server.wm.WindowSurfacePlacer.performSurfacePlacement:136 com.android.server.wm.WindowSurfacePlacer.lambda$-com_android_server_wm_WindowSurfacePlacer_5369:109 com.android.server.wm.-$Lambda$aEpJ2RCAIjecjyIIYTv6ricEwh4.$m$12:4 com.android.server.wm.-$Lambda$aEpJ2RCAIjecjyIIYTv6ricEwh4.run:59 android.os.Handler.handleCallback:790 android.os.Handler.dispatchMessage:99 android.os.Looper.loop:192 android.os.HandlerThread.run:65 com.android.server.ServiceThread.run:46 <bottom of call stack> <bottom of call stack> 
10-25 12:38:32.724 I/VPS     ( 1001): Runtime permission, PERMISSION_GRANTED! uid:10375 pid:8068
10-25 12:38:32.748 I/VPS     ( 1001): Runtime permission, PERMISSION_GRANTED! uid:10375 pid:8068
10-25 12:38:32.776 I/VPS     ( 1001): Runtime permission, PERMISSION_GRANTED! uid:10375 pid:8068
10-25 12:38:32.814 I/View    ( 8068): updateSystemUiVisibility, blackBackground = false, getVisibility() = 0, getWindowVisibility() = 0, viewBounds = Rect(0, -863 - 720, -458), windowBounds = Rect(0, 0 - 720, 1520), view = TextureView:com.ss.android.ugc.playerkit.videoview.KeepSurfaceTextureView{1f79ae1 V.ED..... ........ 0,457-720,862}
10-25 12:38:32.814 I/View    ( 8068): updateSystemUiVisibility, blackBackground = false, getVisibility() = 0, getWindowVisibility() = 0, viewBounds = Rect(-11, 0 - 731, 1320), windowBounds = Rect(0, 0 - 720, 1520), view = TextureView:com.ss.android.ugc.playerkit.videoview.KeepSurfaceTextureView{1444b1 V.ED..... ........ -11,0-731,1320}
10-25 12:38:32.815 I/View    ( 8068): updateSystemUiVisibility, blackBackground = false, getVisibility() = 0, getWindowVisibility() = 0, viewBounds = Rect(-11, 1320 - 731, 2640), windowBounds = Rect(0, 0 - 720, 1520), view = TextureView:com.ss.android.ugc.playerkit.videoview.KeepSurfaceTextureView{65b98cb V.ED..... ........ -11,0-731,1320}
10-25 12:38:32.817 I/VPS     ( 1001): Runtime permission, PERMISSION_GRANTED! uid:10375 pid:8068
10-25 12:38:32.820 I/View    ( 8068): updateSystemUiVisibility, blackBackground = false, getVisibility() = 0, getWindowVisibility() = 4, viewBounds = Rect(0, -863 - 720, -458), windowBounds = Rect(0, 0 - 720, 1520), view = TextureView:com.ss.android.ugc.playerkit.videoview.KeepSurfaceTextureView{1f79ae1 V.ED..... ........ 0,457-720,862}
10-25 12:38:32.820 I/View    ( 8068): updateSystemUiVisibility, blackBackground = false, getVisibility() = 0, getWindowVisibility() = 4, viewBounds = Rect(-11, 0 - 731, 1320), windowBounds = Rect(0, 0 - 720, 1520), view = TextureView:com.ss.android.ugc.playerkit.videoview.KeepSurfaceTextureView{1444b1 V.ED..... ........ -11,0-731,1320}
10-25 12:38:32.820 I/View    ( 8068): updateSystemUiVisibility, blackBackground = false, getVisibility() = 0, getWindowVisibility() = 4, viewBounds = Rect(-11, 1320 - 731, 2640), windowBounds = Rect(0, 0 - 720, 1520), view = TextureView:com.ss.android.ugc.playerkit.videoview.KeepSurfaceTextureView{65b98cb V.ED..... ........ -11,0-731,1320}
10-25 12:38:32.831 I/VPS     ( 1001): Runtime permission, PERMISSION_GRANTED! uid:10375 pid:8068
10-25 12:38:32.846 I/VPS     ( 1001): Runtime permission, PERMISSION_GRANTED! uid:10375 pid:8068
10-25 12:38:32.852 I/View    ( 8068): updateSystemUiVisibility, blackBackground = false, getVisibility() = 0, getWindowVisibility() = 8, viewBounds = Rect(0, -863 - 720, -458), windowBounds = Rect(0, 0 - 720, 1520), view = TextureView:com.ss.android.ugc.playerkit.videoview.KeepSurfaceTextureView{1f79ae1 V.ED..... ........ 0,457-720,862}
10-25 12:38:32.853 I/View    ( 8068): updateSystemUiVisibility, blackBackground = false, getVisibility() = 0, getWindowVisibility() = 8, viewBounds = Rect(-11, 0 - 731, 1320), windowBounds = Rect(0, 0 - 720, 1520), view = TextureView:com.ss.android.ugc.playerkit.videoview.KeepSurfaceTextureView{1444b1 V.ED..... ........ -11,0-731,1320}
10-25 12:38:32.853 I/View    ( 8068): updateSystemUiVisibility, blackBackground = false, getVisibility() = 0, getWindowVisibility() = 8, viewBounds = Rect(-11, 1320 - 731, 2640), windowBounds = Rect(0, 0 - 720, 1520), view = TextureView:com.ss.android.ugc.playerkit.videoview.KeepSurfaceTextureView{65b98cb V.ED..... ........ -11,0-731,1320}
10-25 12:38:32.861 I/VPS     ( 1001): Runtime permission, PERMISSION_GRANTED! uid:10375 pid:8068
10-25 12:38:32.880 I/VPS     ( 1001): Runtime permission, PERMISSION_GRANTED! uid:10375 pid:8068
10-25 12:38:32.891 I/VPS     ( 1001): Runtime permission, PERMISSION_GRANTED! uid:10375 pid:8068
10-25 12:38:32.905 I/VPS     ( 1001): Runtime permission, PERMISSION_GRANTED! uid:10375 pid:8068
10-25 12:38:32.984 I/chatty  ( 1001): uid=1000(system) Binder:1001_12 identical 7 lines
10-25 12:38:32.995 I/VPS     ( 1001): Runtime permission, PERMISSION_GRANTED! uid:10375 pid:8068
10-25 12:38:33.009 I/WindowManager( 1001): appTransitionStateChanged, mVivoTransitionOnGoing = false
10-25 12:38:33.014 W/WindowManager( 1001): performSurfacePlacementInner:ExcessivePerform:: Called by com.android.server.wm.WindowSurfacePlacer.performSurfacePlacementLoop:198 com.android.server.wm.WindowSurfacePlacer.performSurfacePlacement:146 com.android.server.wm.WindowSurfacePlacer.performSurfacePlacement:136 com.android.server.wm.WindowSurfacePlacer.lambda$-com_android_server_wm_WindowSurfacePlacer_5369:109 com.android.server.wm.-$Lambda$aEpJ2RCAIjecjyIIYTv6ricEwh4.$m$12:4 com.android.server.wm.-$Lambda$aEpJ2RCAIjecjyIIYTv6ricEwh4.run:59 android.os.Handler.handleCallback:790 android.os.Handler.dispatchMessage:99 android.os.Looper.loop:192 android.os.HandlerThread.run:65 com.android.server.ServiceThread.run:46 <bottom of call stack> <bottom of call stack> 
10-25 12:38:33.155 W/ContextImpl( 1576): Calling a method in the system process without a qualified user: android.app.ContextImpl.sendBroadcast:981 android.content.ContextWrapper.sendBroadcast:437 com.vivo.upslide.l11l1.lll11l1:1255 com.vivo.upslide.l11l1.lll1:85 com.vivo.upslide.lll11.run:1234 
10-25 12:38:33.193 I/WindowManager( 1001): Relayout Window{d844cb7 u0 UpSlideTransparentView}: oldVis=4 newVis=0 focusMayChange = true
10-25 12:38:33.230 W/WindowManager( 1001): performSurfacePlacementInner:ExcessivePerform:: Called by com.android.server.wm.WindowSurfacePlacer.performSurfacePlacementLoop:198 com.android.server.wm.WindowSurfacePlacer.performSurfacePlacement:146 com.android.server.wm.WindowManagerService.relayoutWindow:2665 com.android.server.wm.Session.relayout:239 android.view.IWindowSession$Stub.onTransact:286 com.android.server.wm.Session.onTransact:163 android.os.Binder.execTransact:708 <bottom of call stack> <bottom of call stack> <bottom of call stack> <bottom of call stack> <bottom of call stack> <bottom of call stack> 
10-25 12:38:34.091 I/ActivityManager( 1001): Force stopping com.ss.android.ugc.aweme appid=10375 user=0: from pid 1576
10-25 12:38:34.094 I/ActivityManager( 1001): Killing 8497:com.ss.android.ugc.aweme:push/u0a375 (adj 500): stop com.ss.android.ugc.aweme
10-25 12:38:34.097 W/ActivityManager( 1001): Scheduling restart of crashed service com.ss.android.ugc.aweme/com.ss.android.message.NotifyService in 1000ms
10-25 12:38:34.108 I/ActivityManager( 1001): Killing 8421:com.ss.android.ugc.aweme:downloader/u0a375 (adj 430): stop com.ss.android.ugc.aweme
10-25 12:38:34.110 W/ActivityManager( 1001): Scheduling restart of crashed service com.ss.android.ugc.aweme/com.ss.android.socialbase.downloader.downloader.IndependentProcessDownloadService in 686944ms
10-25 12:38:34.116 I/ActivityManager( 1001): Killing 8670:com.ss.android.ugc.aweme:pushservice/u0a375 (adj 430): stop com.ss.android.ugc.aweme
10-25 12:38:34.118 W/ActivityManager( 1001): Scheduling restart of crashed service com.ss.android.ugc.aweme/com.taobao.accs.ChannelService in 10979ms
10-25 12:38:34.119 W/ActivityManager( 1001): Scheduling restart of crashed service com.ss.android.ugc.aweme/com.xiaomi.push.service.XMPushService in 20979ms
10-25 12:38:34.124 I/ActivityManager( 1001): Killing 8435:com.ss.android.ugc.aweme:miniapp0/u0a375 (adj 430): stop com.ss.android.ugc.aweme
10-25 12:38:34.149 W/ActivityManager( 1001): Scheduling restart of crashed service com.ss.android.ugc.aweme/com.tt.miniapphost.placeholder.MiniappService0 in 30948ms
10-25 12:38:34.156 I/ActivityManager( 1001): Killing 8068:com.ss.android.ugc.aweme/u0a375 (adj 0): stop com.ss.android.ugc.aweme
10-25 12:38:34.158 W/ActivityManager( 1001): Scheduling restart of crashed service com.ss.android.ugc.aweme/com.ss.android.socialbase.downloader.impls.DownloadHandleService in 40939ms
10-25 12:38:34.159 W/ActivityManager( 1001): Scheduling restart of crashed service com.ss.android.ugc.aweme/com.ss.android.socialbase.downloader.notification.DownloadNotificationService in 702838ms
10-25 12:38:34.159 W/ActivityManager( 1001): Scheduling restart of crashed service com.ss.android.ugc.aweme/com.ss.android.websocket.internal.WebSocketService in 40938ms
10-25 12:38:34.161 W/ActivityManager( 1001): Force removing ActivityRecord{96903a9 u0 com.ss.android.ugc.aweme/.main.MainActivity t340}: app died, no saved state
10-25 12:38:34.176 I/ActivityManager( 1001): Killing 8738:com.google.android.webview:sandboxed_process0/u0a375i147 (adj 0): isolated not needed
10-25 12:38:34.180 I/ActivityManager( 1001):   Force stopping service ServiceRecord{acab9dd u0 com.ss.android.ugc.aweme/com.tt.miniapphost.placeholder.MiniappService0}
10-25 12:38:34.180 I/ActivityManager( 1001):   Force stopping service ServiceRecord{b10083 u0 com.ss.android.ugc.aweme/com.ss.android.websocket.internal.WebSocketService}
10-25 12:38:34.180 I/ActivityManager( 1001):   Force stopping service ServiceRecord{9ab3259 u0 com.ss.android.ugc.aweme/com.taobao.accs.ChannelService}
10-25 12:38:34.180 I/ActivityManager( 1001):   Force stopping service ServiceRecord{88ce6c6 u0 com.ss.android.ugc.aweme/com.ss.android.socialbase.downloader.downloader.IndependentProcessDownloadService}
10-25 12:38:34.180 I/ActivityManager( 1001):   Force stopping service ServiceRecord{17f01c1 u0 com.ss.android.ugc.aweme/com.ss.android.socialbase.downloader.notification.DownloadNotificationService}
10-25 12:38:34.180 I/ActivityManager( 1001):   Force stopping service ServiceRecord{5420b02 u0 com.ss.android.ugc.aweme/com.ss.android.message.NotifyService}
10-25 12:38:34.202 I/NotificationService( 1001): action=android.intent.action.PACKAGE_RESTARTED removing=false
10-25 12:38:34.222 E/KernelCpuSpeedReader( 1001): Failed to read cpu-freq: /sys/devices/system/cpu/cpu0/cpufreq/stats/time_in_state (No such file or directory)
10-25 12:38:34.223 E/KernelCpuSpeedReader( 1001): Failed to read cpu-freq: /sys/devices/system/cpu/cpu4/cpufreq/stats/time_in_state (No such file or directory)
10-25 12:38:34.234 W/ActivityManager( 1001): Service done with onDestroy, but not inDestroying: ServiceRecord{b147d2d u0 com.ss.android.ugc.aweme/com.tt.miniapphost.process.base.HostCrossProcessCallService}, app=ProcessRecord{177fcfb 0:com.ss.android.ugc.aweme/u0a375}
10-25 12:38:34.240 W/BroadcastQueue( 1001): Background execution not allowed: receiving Intent { act=android.intent.action.PACKAGE_RESTARTED dat=package:com.ss.android.ugc.aweme flg=0x10 (has extras) } to com.jingdong.app.mall/.broadcastReceiver.AppStateRecevier
10-25 12:38:34.256 I/SettingsProvider( 1001): insert settings success:false, table:2 name:enabled_notification_listeners value:com.bbk.launcher2/com.bbk.launcher2.NotificationCollectorListener:com.vivo.pushservice/com.vivo.push.util.NotificationMonitor pkg:android
10-25 12:38:34.257 I/SettingsProvider( 1001): insert settings success:false, table:2 name:enabled_notification_policy_access_packages value:com.android.camera2 pkg:android
10-25 12:38:34.312 W/ActivityManager( 1001): setHasOverlayUi called on unknown pid: 8068
10-25 12:38:34.878 W/ContextImpl( 1576): Calling a method in the system process without a qualified user: android.app.ContextImpl.sendBroadcast:981 android.content.ContextWrapper.sendBroadcast:437 com.vivo.upslide.l11l1.lll11ll:1261 com.vivo.upslide.l11l1.llll:85 com.vivo.upslide.lll11.run:1236 
10-25 12:38:34.947 W/WindowManager( 1001): performSurfacePlacementInner:ExcessivePerform:: Called by com.android.server.wm.WindowSurfacePlacer.performSurfacePlacementLoop:198 com.android.server.wm.WindowSurfacePlacer.performSurfacePlacement:146 com.android.server.wm.WindowManagerService.relayoutWindow:2665 com.android.server.wm.Session.relayout:239 android.view.IWindowSession$Stub.onTransact:286 com.android.server.wm.Session.onTransact:163 android.os.Binder.execTransact:708 <bottom of call stack> <bottom of call stack> <bottom of call stack> <bottom of call stack> <bottom of call stack> <bottom of call stack> 
10-25 12:38:34.954 W/WindowManager( 1001): performSurfacePlacementInner:ExcessivePerform:: Called by com.android.server.wm.WindowSurfacePlacer.performSurfacePlacementLoop:198 com.android.server.wm.WindowSurfacePlacer.performSurfacePlacement:146 com.android.server.wm.WindowManagerService.relayoutWindow:2665 com.android.server.wm.Session.relayout:239 android.view.IWindowSession$Stub.onTransact:286 com.android.server.wm.Session.onTransact:163 android.os.Binder.execTransact:708 <bottom of call stack> <bottom of call stack> <bottom of call stack> <bottom of call stack> <bottom of call stack> <bottom of call stack> 
10-25 12:38:35.490 I/FingerprintUnlockController( 1001): keyCode: 3, action: 0
10-25 12:38:35.491 I/KeyguardUpdateMonitorCallback( 1001): keyCode: 3, action: 0
10-25 12:38:35.491 I/KeyguardUpdateMonitorCallback( 1001): fingerprint unlock unsupported
10-25 12:38:35.496 I/FingerprintUnlockController( 1001): keyCode: 3, action: 1
10-25 12:38:35.496 I/KeyguardUpdateMonitorCallback( 1001): keyCode: 3, action: 1
10-25 12:38:35.496 I/KeyguardUpdateMonitorCallback( 1001): fingerprint unlock unsupported
10-25 12:38:35.519 I/ActivityManager( 1001): START u0 {act=android.intent.action.MAIN cat=[android.intent.category.HOME] flg=0x10200000 cmp=com.bbk.launcher2/.Launcher (has extras)} from uid 1000
10-25 12:38:35.519 I/ActivityManager( 1001): send message.
10-25 12:38:35.520 I/ActivityManager( 1001): remove message.
10-25 12:38:35.521 I/ActivityManager( 1001): send message.
10-25 12:38:35.522 I/ActivityManager( 1001): remove message.
10-25 12:38:35.536 I/WindowManager( 1001): overridePendingAppTransitionThumbFromLauncher, bmpWidth = null, bmpHeight = null, startX = 360, startY = 760, scaleUp = true, animateExit = true, isTransitionSet() = false, mNextAppTransitionType = 0
10-25 12:38:35.537 I/WindowManager( 1001): after overridePendingAppTransitionThumbFromLauncher
10-25 12:38:35.538 I/PackageManager( 1001): ### pkg:Package{707e093 com.vivo.doubletimezoneclock}
10-25 12:38:35.553 I/WindowManager( 1001): overridePendingAppTransitionThumbFromLauncher, bmpWidth = null, bmpHeight = null, startX = 360, startY = 760, scaleUp = false, animateExit = false, isTransitionSet() = false, mNextAppTransitionType = 0
10-25 12:38:35.553 I/WindowManager( 1001): after overridePendingAppTransitionThumbFromLauncher
10-25 12:38:35.577 I/WindowManager( 1001): Relayout Window{d844cb7 u0 UpSlideTransparentView}: oldVis=8 newVis=0 focusMayChange = true
10-25 12:38:36.312 I/PackageManager( 1001): ### pkg:Package{707e093 com.vivo.doubletimezoneclock}
10-25 12:38:36.325 I/PackageManager( 1001): ### pkg:Package{707e093 com.vivo.doubletimezoneclock}
10-25 12:38:36.337 I/PackageManager( 1001): ### pkg:Package{544f471 com.vivo.browser}
10-25 12:38:36.380 I/PackageManager( 1001): ### pkg:Package{18697ee com.vivo.weather.provider}
10-25 12:38:36.387 I/PackageManager( 1001): ### pkg:Package{1eadbe1 com.vivo.weather}
10-25 12:38:38.510 I/PackageManager( 1001): ### pkg:Package{f2057 com.android.phone}
10-25 12:38:38.512 I/SettingsProvider( 1001): insert settings success:false, table:0 name:weather_local_city_area value:### pkg:com.vivo.weather.provider
10-25 12:38:40.214 I/FingerprintUnlockController( 1001): keyCode: 26, action: 0
10-25 12:38:40.214 I/KeyguardUpdateMonitorCallback( 1001): keyCode: 26, action: 0
10-25 12:38:40.214 I/KeyguardUpdateMonitorCallback( 1001): fingerprint unlock unsupported
10-25 12:38:40.355 I/FingerprintUnlockController( 1001): keyCode: 26, action: 1
10-25 12:38:40.355 I/KeyguardUpdateMonitorCallback( 1001): keyCode: 26, action: 1
10-25 12:38:40.355 I/KeyguardUpdateMonitorCallback( 1001): fingerprint unlock unsupported
10-25 12:38:40.356 I/PowerManagerService( 1001): Going to sleep due to power button (uid 1000)...
10-25 12:38:40.357 I/PowerManagerService( 1001): Sleeping (uid 1000)...
10-25 12:38:40.358 I/FingerprintUnlockController( 1001): onScreenOff
10-25 12:38:40.358 I/KeyguardUpdateMonitorCallback( 1001): onScreenOff
10-25 12:38:40.358 I/KeyguardUpdateMonitorCallback( 1001): fingerprint unlock unsupported
10-25 12:38:40.368 W/ContextImpl( 1001): Calling a method in the system process without a qualified user: android.app.ContextImpl.sendBroadcast:981 com.android.server.policy.VivoPolicyUtil.sendPowerKeyScreenOffBroadcast:236 com.android.server.policy.PhoneWindowManager$PolicyHandler.handleMessage:1266 android.os.Handler.dispatchMessage:106 android.os.Looper.loop:192 
10-25 12:38:40.377 W/ContextImpl( 1545): Calling a method in the system process without a qualified user: android.app.ContextImpl.sendBroadcast:981 android.content.ContextWrapper.sendBroadcast:437 com.vivo.daemonService.IqooSecure.SoftwareLockService$ll1.handleMessage:1408 android.os.Handler.dispatchMessage:106 android.os.Looper.loop:192 
10-25 12:38:40.382 I/PackageManager( 1001): ### pkg:Package{76f41be com.vivo.smartmultiwindow}
10-25 12:38:40.395 I/PackageManager( 1001): ### pkg:Package{94abb8f com.bbk.updater}
10-25 12:38:40.397 I/VNOILBS ( 1001): VNOILBS mScreenOn=false level=97 mCriticalBatteryLevel=3 mNotificationLowBatteryStates=false mNotificationChargeStates=false status=4
10-25 12:38:40.418 I/DisplayPowerState( 1001): mBlockedByFingerprint = 0
10-25 12:38:40.418 E/DisplayPowerState( 1001): run changed=true mNightPearlManager is null! or state != Display.STATE_OFF
10-25 12:38:40.422 E/NightPearlManager( 1001): onBacklightStateChanged mService is null.
10-25 12:38:40.434 I/FingerprintUnlockController( 1001): onKeyguardShown true
10-25 12:38:40.434 I/KeyguardUpdateMonitorCallback( 1001): onKeyguardShown true occluded: false
10-25 12:38:40.434 I/KeyguardUpdateMonitorCallback( 1001): fingerprint unlock unsupported
10-25 12:38:40.434 I/PhoneWindowNotifyFace( 1001): notifyObserver result:4
10-25 12:38:40.434 I/FaceDetectService( 1001): notifyFaceDetectKeyHandler action: 4
10-25 12:38:40.436 I/PackageManager( 1001): ### pkg:Package{707e093 com.vivo.doubletimezoneclock}
10-25 12:38:40.447 I/DisplayPowerController( 1001): Blocking screen off
10-25 12:38:40.448 I/DisplayPowerController( 1001): Unblocked screen off after 1 ms
10-25 12:38:40.456 I/VNOILBS ( 1001): VNOILBS mScreenOn=false level=97 mCriticalBatteryLevel=3 mNotificationLowBatteryStates=false mNotificationChargeStates=false status=4
10-25 12:38:40.462 E/KernelUidCpuTimeReader( 1001): Malformed cpu data for UID=10375!
10-25 12:38:40.462 E/KernelUidCpuTimeReader( 1001): Time between reads: +6s242ms
10-25 12:38:40.462 E/KernelUidCpuTimeReader( 1001): Previous times: u=+2h19m46s48ms s=+53m45s536ms
10-25 12:38:40.462 E/KernelUidCpuTimeReader( 1001): Current times: u=+2h19m5s496ms s=+53m34s960ms
10-25 12:38:40.462 E/KernelUidCpuTimeReader( 1001): Delta: u=-40s552ms s=-10s576ms
10-25 12:38:40.463 E/KernelCpuSpeedReader( 1001): Failed to read cpu-freq: /sys/devices/system/cpu/cpu0/cpufreq/stats/time_in_state (No such file or directory)
10-25 12:38:40.463 E/KernelCpuSpeedReader( 1001): Failed to read cpu-freq: /sys/devices/system/cpu/cpu4/cpufreq/stats/time_in_state (No such file or directory)
10-25 12:38:40.469 I/ActivityManager( 1001): vivoAdjustFocusedActivityStackLocked step1 r = ActivityRecord{a3ec5b u0 com.bbk.launcher2/.Launcher t2}, reason = stopActivity, mResumedActivity = null
10-25 12:38:40.485 I/PhoneWindowNotifyFace( 1001): notifyObserver result:2
10-25 12:38:40.485 I/FaceDetectService( 1001): notifyFaceDetectKeyHandler action: 2
10-25 12:38:40.486 I/VNOILNMS( 1001): ===VNOILNMS n=0 VideoStates=false NoticeStates=false flag_red=0 flag_green=0 mScreenOn=false mNotificationPulseEnabled=true
10-25 12:38:40.493 I/SettingsProvider( 1001): insert settings success:false, table:1 name:vivo_screen_auto_brightness value:35 pkg:android
10-25 12:38:40.494 I/DisplayPowerState( 1001): mBlockedByFingerprint = 0
10-25 12:38:40.494 I/SettingsProvider( 1001): insert settings success:false, table:1 name:vivo_screen_auto_brightness value:35 pkg:android
10-25 12:38:40.495 E/NightPearlManager( 1001): onBacklightStateChanged mService is null.
10-25 12:38:40.495 I/DisplayManagerService( 1001): Display device changed state: "", OFF
10-25 12:38:40.506 I/VivoUsbDeviceManager( 1001): mUsbNotificationId:0 usbTempId:0 mCurrentFunctions:mtp,adb mUsbDataUnlocked:false
10-25 12:38:40.517 E/SarPowerStateService( 1001): handleMessage: 0
10-25 12:38:40.538 I/PackageManager( 1001): ### pkg:Package{94abb8f com.bbk.updater}
10-25 12:38:40.538 I/PackageManager( 1001): ### pkg:Package{94abb8f com.bbk.updater}
10-25 12:38:40.601 I/WindowManager( 1001): force DRAW_PENDING for keyguard, w = Window{18cc9ef u0 StatusBar}
10-25 12:38:40.686 E/DisplayPowerState( 1001): run changed=false mNightPearlManager is null!   or state == Display.STATE_OFF
10-25 12:38:40.687 I/SettingsProvider( 1001): insert settings success:false, table:1 name:vivo_screen_auto_brightness value:35 pkg:android
10-25 12:38:40.689 W/WindowManager( 1001): performSurfacePlacementInner:ExcessivePerform:: Called by com.android.server.wm.WindowSurfacePlacer.performSurfacePlacementLoop:198 com.android.server.wm.WindowSurfacePlacer.performSurfacePlacement:146 com.android.server.wm.WindowManagerService.relayoutWindow:2665 com.android.server.wm.Session.relayout:239 android.view.IWindowSession$Stub.onTransact:286 com.android.server.wm.Session.onTransact:163 android.os.Binder.execTransact:708 <bottom of call stack> <bottom of call stack> <bottom of call stack> <bottom of call stack> <bottom of call stack> <bottom of call stack> 
10-25 12:38:40.696 W/WindowManager( 1001): performSurfacePlacementInner:ExcessivePerform:: Called by com.android.server.wm.WindowSurfacePlacer.performSurfacePlacementLoop:198 com.android.server.wm.WindowSurfacePlacer.performSurfacePlacement:146 com.android.server.wm.WindowSurfacePlacer.performSurfacePlacement:136 com.android.server.wm.WindowSurfacePlacer.lambda$-com_android_server_wm_WindowSurfacePlacer_5369:109 com.android.server.wm.-$Lambda$aEpJ2RCAIjecjyIIYTv6ricEwh4.$m$12:4 com.android.server.wm.-$Lambda$aEpJ2RCAIjecjyIIYTv6ricEwh4.run:59 android.os.Handler.handleCallback:790 android.os.Handler.dispatchMessage:99 android.os.Looper.loop:192 android.os.HandlerThread.run:65 com.android.server.ServiceThread.run:46 <bottom of call stack> <bottom of call stack> 
10-25 12:38:40.782 I/SettingsProvider( 1001): insert settings success:false, table:1 name:finger_simpinpuk value:enable pkg:com.android.systemui
10-25 12:38:41.047 I/VPS     ( 1001): Runtime permission, PERMISSION_GRANTED! uid:10167 pid:31281
10-25 12:39:03.305 E/BatteryExternalStatsWorker( 1001): no controller energy info supplied for wifi
10-25 12:39:03.694 E/BatteryExternalStatsWorker( 1001): no controller energy info supplied for wifi
10-25 12:39:03.706 I/VPS     ( 1001): Runtime permission, PERMISSION_GRANTED! uid:10166 pid:16574
10-25 12:39:04.125 W/BroadcastQueue( 1001): Background execution not allowed: receiving Intent { act=launcher.action.CHANGE_APPLICATION_NOTIFICATION_NUM flg=0x10 (has extras) } to com.bbk.launcher2/.NotificationNumChangeReceiver
10-25 12:39:04.126 W/BroadcastQueue( 1001): Background execution force allowed: receiving Intent { act=launcher.action.CHANGE_APPLICATION_NOTIFICATION_NUM flg=0x10 (has extras) } to com.bbk.launcher2/.NotificationNumChangeReceiver
10-25 12:39:04.164 W/BroadcastQueue( 1001): Background execution not allowed: receiving Intent { act=launcher.action.CHANGE_APPLICATION_NOTIFICATION_NUM flg=0x10 (has extras) } to com.bbk.launcher2/.NotificationNumChangeReceiver
10-25 12:39:04.165 W/BroadcastQueue( 1001): Background execution force allowed: receiving Intent { act=launcher.action.CHANGE_APPLICATION_NOTIFICATION_NUM flg=0x10 (has extras) } to com.bbk.launcher2/.NotificationNumChangeReceiver
10-25 12:39:06.403 I/Telephony( 1612): MmsInstallReceiver: packageName = com.ss.android.ugc.aweme
10-25 12:39:06.556 I/VPS     ( 1001): Runtime permission, PERMISSION_GRANTED! uid:10166 pid:16574
10-25 12:39:06.577 I/NotificationService( 1001): action=android.intent.action.PACKAGE_CHANGED removing=false
10-25 12:39:06.578 I/PackageManager( 1001): ### pkg:Package{4f043e4 com.ss.android.ugc.aweme}
10-25 12:39:06.580 W/VoiceInteractionManagerService( 1001): no available voice interaction services found for user 0
10-25 12:39:06.589 I/TelecomFramework( 1001): DefaultDialerCache: Refreshing default dialer for user 0: now com.android.dialer: DDC.oR@AK0
10-25 12:39:06.591 I/TelecomFramework( 1001): DefaultDialerCache: Refreshing default dialer for user 999: now null: DDC.oR@AK0
10-25 12:39:06.596 I/SettingsProvider( 1001): insert settings success:false, table:2 name:enabled_notification_listeners value:com.bbk.launcher2/com.bbk.launcher2.NotificationCollectorListener:com.vivo.pushservice/com.vivo.push.util.NotificationMonitor pkg:android
10-25 12:39:06.596 I/SettingsProvider( 1001): insert settings success:false, table:2 name:enabled_notification_policy_access_packages value:com.android.camera2 pkg:android
10-25 12:39:07.033 W/BroadcastQueue( 1001): Background execution not allowed: receiving Intent { act=launcher.action.CHANGE_APPLICATION_NOTIFICATION_NUM flg=0x10 (has extras) } to com.bbk.launcher2/.NotificationNumChangeReceiver
10-25 12:39:07.034 W/BroadcastQueue( 1001): Background execution force allowed: receiving Intent { act=launcher.action.CHANGE_APPLICATION_NOTIFICATION_NUM flg=0x10 (has extras) } to com.bbk.launcher2/.NotificationNumChangeReceiver
10-25 12:39:07.263 E/KernelCpuSpeedReader( 1001): Failed to read cpu-freq: /sys/devices/system/cpu/cpu0/cpufreq/stats/time_in_state (No such file or directory)
10-25 12:39:07.264 E/KernelCpuSpeedReader( 1001): Failed to read cpu-freq: /sys/devices/system/cpu/cpu4/cpufreq/stats/time_in_state (No such file or directory)
10-25 12:39:33.130 E/BatteryExternalStatsWorker( 1001): no controller energy info supplied for wifi
10-25 12:39:33.411 E/BatteryExternalStatsWorker( 1001): no controller energy info supplied for wifi
10-25 12:39:36.807 E/KernelCpuSpeedReader( 1001): Failed to read cpu-freq: /sys/devices/system/cpu/cpu0/cpufreq/stats/time_in_state (No such file or directory)
10-25 12:39:36.808 E/KernelCpuSpeedReader( 1001): Failed to read cpu-freq: /sys/devices/system/cpu/cpu4/cpufreq/stats/time_in_state (No such file or directory)
10-25 12:39:40.081 W/ActivityManager( 1001): Unable to start service Intent { act=android.security.IKeyChainService cmp=com.android.keychain/.KeyChainService } U=999: not found
10-25 12:39:51.401 E/KernelCpuSpeedReader( 1001): Failed to read cpu-freq: /sys/devices/system/cpu/cpu0/cpufreq/stats/time_in_state (No such file or directory)
10-25 12:39:51.402 E/KernelCpuSpeedReader( 1001): Failed to read cpu-freq: /sys/devices/system/cpu/cpu4/cpufreq/stats/time_in_state (No such file or directory)
10-25 12:39:51.403 E/BatteryExternalStatsWorker( 1001): no controller energy info supplied for wifi
10-25 12:39:54.980 E/BatteryExternalStatsWorker( 1001): no controller energy info supplied for wifi
10-25 12:39:57.163 E/KernelCpuSpeedReader( 1001): Failed to read cpu-freq: /sys/devices/system/cpu/cpu0/cpufreq/stats/time_in_state (No such file or directory)
10-25 12:39:57.164 E/KernelCpuSpeedReader( 1001): Failed to read cpu-freq: /sys/devices/system/cpu/cpu4/cpufreq/stats/time_in_state (No such file or directory)
10-25 12:40:09.108 E/BatteryExternalStatsWorker( 1001): no controller energy info supplied for wifi
10-25 12:40:10.146 E/KernelCpuSpeedReader( 1001): Failed to read cpu-freq: /sys/devices/system/cpu/cpu0/cpufreq/stats/time_in_state (No such file or directory)
10-25 12:40:10.147 E/KernelCpuSpeedReader( 1001): Failed to read cpu-freq: /sys/devices/system/cpu/cpu4/cpufreq/stats/time_in_state (No such file or directory)
10-25 12:40:12.762 E/BatteryExternalStatsWorker( 1001): no controller energy info supplied for wifi
10-25 12:40:13.167 I/VPS     ( 1001): Runtime permission, PERMISSION_GRANTED! uid:10166 pid:16574
10-25 12:40:13.213 I/VPS     ( 1001): Runtime permission, PERMISSION_GRANTED! uid:10166 pid:16574
10-25 12:40:13.220 I/VPS     ( 1001): Runtime permission, PERMISSION_GRANTED! uid:10166 pid:16574
10-25 12:40:13.227 I/VPS     ( 1001): Runtime permission, PERMISSION_GRANTED! uid:10166 pid:16574
10-25 12:40:19.444 E/KernelCpuSpeedReader( 1001): Failed to read cpu-freq: /sys/devices/system/cpu/cpu0/cpufreq/stats/time_in_state (No such file or directory)
10-25 12:40:19.446 E/KernelCpuSpeedReader( 1001): Failed to read cpu-freq: /sys/devices/system/cpu/cpu4/cpufreq/stats/time_in_state (No such file or directory)
10-25 12:40:28.070 I/PackageManager( 1001): ### pkg:Package{588ec6e com.tencent.mobileqq}
10-25 12:40:28.244 I/VPS     ( 1001): Runtime permission, PERMISSION_GRANTED! uid:10167 pid:31281
10-25 12:40:34.869 W/ActivityManager( 1001): Unable to start service Intent { act=android.security.IKeyChainService cmp=com.android.keychain/.KeyChainService } U=999: not found
10-25 12:40:35.874 E/KernelCpuSpeedReader( 1001): Failed to read cpu-freq: /sys/devices/system/cpu/cpu0/cpufreq/stats/time_in_state (No such file or directory)
10-25 12:40:35.876 E/KernelCpuSpeedReader( 1001): Failed to read cpu-freq: /sys/devices/system/cpu/cpu4/cpufreq/stats/time_in_state (No such file or directory)
10-25 12:40:54.375 I/VPS     ( 1001): Runtime permission, PERMISSION_GRANTED! uid:10166 pid:16574
10-25 12:40:54.409 I/VPS     ( 1001): Runtime permission, PERMISSION_GRANTED! uid:10166 pid:16574
10-25 12:40:54.415 I/chatty  ( 1001): uid=1000(system) Binder:1001_1A identical 1 line
10-25 12:40:54.421 I/VPS     ( 1001): Runtime permission, PERMISSION_GRANTED! uid:10166 pid:16574
10-25 12:41:18.145 I/VPS     ( 1001): Runtime permission, PERMISSION_GRANTED! uid:10166 pid:16574
10-25 12:41:18.597 W/BroadcastQueue( 1001): Background execution not allowed: receiving Intent { act=launcher.action.CHANGE_APPLICATION_NOTIFICATION_NUM flg=0x10 (has extras) } to com.bbk.launcher2/.NotificationNumChangeReceiver
10-25 12:41:18.599 W/BroadcastQueue( 1001): Background execution force allowed: receiving Intent { act=launcher.action.CHANGE_APPLICATION_NOTIFICATION_NUM flg=0x10 (has extras) } to com.bbk.launcher2/.NotificationNumChangeReceiver
10-25 12:41:19.675 E/KernelCpuSpeedReader( 1001): Failed to read cpu-freq: /sys/devices/system/cpu/cpu0/cpufreq/stats/time_in_state (No such file or directory)
10-25 12:41:19.676 E/KernelCpuSpeedReader( 1001): Failed to read cpu-freq: /sys/devices/system/cpu/cpu4/cpufreq/stats/time_in_state (No such file or directory)
10-25 12:41:33.894 E/BatteryExternalStatsWorker( 1001): no controller energy info supplied for wifi
10-25 12:41:33.933 I/NetworkStatsRecorder( 1001): recordSnapshotLocked: ident[[{type=WIFI, subType=COMBINED, networkId="SVD-2.4GHz", metered=false}]]
10-25 12:41:33.934 I/NetworkStatsRecorder( 1001): recordSnapshotLocked: ident[[{type=MOBILE, subType=COMBINED, subscriberId=460028..., metered=false}]]
10-25 12:41:33.934 W/NetworkStatsRecorder( 1001): unknown interfaces [lo, ccmni2, ccmni3], ignoring those stats
10-25 12:41:33.935 I/NetworkStatsRecorder( 1001): recordSnapshotLocked: ident[[{type=WIFI, subType=COMBINED, networkId="SVD-2.4GHz", metered=false}]]
10-25 12:41:33.935 I/NetworkStatsRecorder( 1001): recordSnapshotLocked: ident[[{type=MOBILE, subType=COMBINED, subscriberId=460028..., metered=false}]]
10-25 12:41:33.935 W/NetworkStatsRecorder( 1001): unknown interfaces [lo, ccmni2, ccmni3], ignoring those stats
10-25 12:41:33.938 I/NetworkStatsRecorder( 1001): recordSnapshotLocked: ident[[{type=WIFI, subType=COMBINED, networkId="SVD-2.4GHz", metered=false}]]
10-25 12:41:33.941 I/chatty  ( 1001): uid=1000(system) NetworkStats identical 6 lines
10-25 12:41:33.941 I/NetworkStatsRecorder( 1001): recordSnapshotLocked: ident[[{type=WIFI, subType=COMBINED, networkId="SVD-2.4GHz", metered=false}]]
10-25 12:41:33.942 I/NetworkStatsRecorder( 1001): recordSnapshotLocked: ident[[{type=MOBILE, subType=COMBINED, subscriberId=460028..., metered=false}]]
10-25 12:41:33.942 I/NetworkStatsRecorder( 1001): recordSnapshotLocked: ident[[{type=MOBILE, subType=COMBINED, subscriberId=460028..., metered=false}]]
10-25 12:41:33.942 W/NetworkStatsRecorder( 1001): unknown interfaces [lo, ccmni2, ccmni3], ignoring those stats
10-25 12:41:33.945 I/NetworkStatsRecorder( 1001): recordSnapshotLocked: ident[[{type=WIFI, subType=COMBINED, networkId="SVD-2.4GHz", metered=false}]]
10-25 12:41:33.945 W/NetworkStatsRecorder( 1001): unknown interfaces [lo, ccmni2, ccmni3], ignoring those stats
10-25 12:41:34.105 E/BatteryExternalStatsWorker( 1001): no controller energy info supplied for wifi
10-25 12:41:34.110 I/PackageManager( 1001): ### pkg:Package{588ec6e com.tencent.mobileqq}
10-25 12:42:26.758 I/PackageManager( 1001): ### pkg:Package{3f94392 com.iqoo.secure}
10-25 12:42:26.767 E/BatteryExternalStatsWorker( 1001): no controller energy info supplied for wifi
10-25 12:42:26.811 E/BatteryExternalStatsWorker( 1001): no controller energy info supplied for wifi
10-25 12:42:26.876 W/ActivityManager( 1001): mCallerApp.pid =1001,mCallerApp.uid=1000
10-25 12:42:26.876 W/ActivityManager( 1001): mCallingPidFilter=1001,mCallingUidFilter=1000
10-25 12:42:26.876 W/ActivityManager( 1001): reason = Periodic
10-25 12:42:26.877 W/ActivityManager( 1001): ==/==>: com.tencent.mtt/10163 for syncservice callerPackage android Intent { act=android.content.SyncAdapter cmp=com.tencent.mtt/.browser.push.external.account.SyncService (has extras) }: XXXX
10-25 12:42:26.878 E/SyncManager( 1001): Bind attempt failed - target: ComponentInfo{com.tencent.mtt/com.tencent.mtt.browser.push.external.account.SyncService}
10-25 12:42:55.636 I/PackageManager( 1001): ### pkg:Package{588ec6e com.tencent.mobileqq}
10-25 12:42:55.640 E/BatteryExternalStatsWorker( 1001): no controller energy info supplied for wifi
10-25 12:42:55.656 E/BatteryExternalStatsWorker( 1001): no controller energy info supplied for wifi
10-25 12:42:55.796 I/VPS     ( 1001): Runtime permission, PERMISSION_GRANTED! uid:10167 pid:31281
10-25 12:42:57.578 E/KernelCpuSpeedReader( 1001): Failed to read cpu-freq: /sys/devices/system/cpu/cpu0/cpufreq/stats/time_in_state (No such file or directory)
10-25 12:42:57.579 E/KernelCpuSpeedReader( 1001): Failed to read cpu-freq: /sys/devices/system/cpu/cpu4/cpufreq/stats/time_in_state (No such file or directory)
10-25 12:43:32.135 E/BatteryExternalStatsWorker( 1001): no controller energy info supplied for wifi
10-25 12:43:32.299 E/BatteryExternalStatsWorker( 1001): no controller energy info supplied for wifi
10-25 12:43:32.299 E/BatteryExternalStatsWorker( 1001): no controller energy info supplied for bluetooth
10-25 12:43:32.343 E/KernelCpuSpeedReader( 1001): Failed to read cpu-freq: /sys/devices/system/cpu/cpu0/cpufreq/stats/time_in_state (No such file or directory)
10-25 12:43:32.344 E/KernelCpuSpeedReader( 1001): Failed to read cpu-freq: /sys/devices/system/cpu/cpu4/cpufreq/stats/time_in_state (No such file or directory)
10-25 12:43:32.348 E/BatteryExternalStatsWorker( 1001): modem info is invalid: ModemActivityInfo{ mTimestamp=0 mSleepTimeMs=0 mIdleTimeMs=0 mTxTimeMs[]=[0, 0, 0, 0, 0] mRxTimeMs=0 mEnergyUsed=0}
10-25 12:43:32.664 I/ActivityManager( 1001): Force stopping com.android.calllogbackup appid=10002 user=0: from pid 1272
10-25 12:43:32.682 I/NotificationService( 1001): action=android.intent.action.PACKAGE_RESTARTED removing=false
10-25 12:43:32.717 W/BroadcastQueue( 1001): Background execution not allowed: receiving Intent { act=android.intent.action.PACKAGE_RESTARTED dat=package:com.android.calllogbackup flg=0x10 (has extras) } to com.jingdong.app.mall/.broadcastReceiver.AppStateRecevier
10-25 12:43:32.720 I/SettingsProvider( 1001): insert settings success:false, table:2 name:enabled_notification_listeners value:com.bbk.launcher2/com.bbk.launcher2.NotificationCollectorListener:com.vivo.pushservice/com.vivo.push.util.NotificationMonitor pkg:android
10-25 12:43:32.721 I/SettingsProvider( 1001): insert settings success:false, table:2 name:enabled_notification_policy_access_packages value:com.android.camera2 pkg:android
10-25 12:43:33.418 E/BatteryExternalStatsWorker( 1001): no controller energy info supplied for wifi
10-25 12:44:40.811 E/BatteryExternalStatsWorker( 1001): no controller energy info supplied for wifi
10-25 12:44:40.856 E/BatteryExternalStatsWorker( 1001): no controller energy info supplied for wifi
10-25 12:44:47.355 E/KernelCpuSpeedReader( 1001): Failed to read cpu-freq: /sys/devices/system/cpu/cpu0/cpufreq/stats/time_in_state (No such file or directory)
10-25 12:44:47.356 E/KernelCpuSpeedReader( 1001): Failed to read cpu-freq: /sys/devices/system/cpu/cpu4/cpufreq/stats/time_in_state (No such file or directory)
10-25 12:44:50.117 W/ActivityManager( 1001): Unable to start service Intent { act=android.security.IKeyChainService cmp=com.android.keychain/.KeyChainService } U=999: not found
10-25 12:44:53.858 E/BatteryExternalStatsWorker( 1001): no controller energy info supplied for wifi
10-25 12:45:23.294 E/BatteryExternalStatsWorker( 1001): no controller energy info supplied for wifi
10-25 12:45:23.305 I/PackageManager( 1001): ### pkg:Package{588ec6e com.tencent.mobileqq}
10-25 12:45:23.311 E/BatteryExternalStatsWorker( 1001): no controller energy info supplied for wifi
10-25 12:45:23.476 I/VPS     ( 1001): Runtime permission, PERMISSION_GRANTED! uid:10167 pid:31281
10-25 12:45:23.491 E/BatteryExternalStatsWorker( 1001): no controller energy info supplied for wifi
10-25 12:46:05.332 E/BatteryExternalStatsWorker( 1001): no controller energy info supplied for wifi
10-25 12:46:20.259 E/SarPowerStateService( 1001): handleMessage: 0
10-25 12:46:20.259 E/SarPowerStateService( 1001): reduce power
10-25 12:46:21.262 E/SarPowerStateService( 1001): c2k command is empty, no need to reduce power.
10-25 12:46:22.931 E/BatteryExternalStatsWorker( 1001): no controller energy info supplied for wifi
10-25 12:46:25.287 E/KernelCpuSpeedReader( 1001): Failed to read cpu-freq: /sys/devices/system/cpu/cpu0/cpufreq/stats/time_in_state (No such file or directory)
10-25 12:46:25.288 E/KernelCpuSpeedReader( 1001): Failed to read cpu-freq: /sys/devices/system/cpu/cpu4/cpufreq/stats/time_in_state (No such file or directory)
10-25 12:46:30.656 W/ActivityManager( 1001): Unable to start service Intent { act=android.security.IKeyChainService cmp=com.android.keychain/.KeyChainService } U=999: not found
10-25 12:46:32.283 E/KernelCpuSpeedReader( 1001): Failed to read cpu-freq: /sys/devices/system/cpu/cpu0/cpufreq/stats/time_in_state (No such file or directory)
10-25 12:46:32.283 E/KernelCpuSpeedReader( 1001): Failed to read cpu-freq: /sys/devices/system/cpu/cpu4/cpufreq/stats/time_in_state (No such file or directory)
10-25 12:46:38.568 E/KernelCpuSpeedReader( 1001): Failed to read cpu-freq: /sys/devices/system/cpu/cpu0/cpufreq/stats/time_in_state (No such file or directory)
10-25 12:46:38.569 E/KernelCpuSpeedReader( 1001): Failed to read cpu-freq: /sys/devices/system/cpu/cpu4/cpufreq/stats/time_in_state (No such file or directory)
