10-25 12:46:43.892 I/VPS     ( 1001): Runtime permission, PERMISSION_GRANTED! uid:10167 pid:31281
10-25 12:46:45.714 E/KernelCpuSpeedReader( 1001): Failed to read cpu-freq: /sys/devices/system/cpu/cpu0/cpufreq/stats/time_in_state (No such file or directory)
10-25 12:46:45.715 E/KernelCpuSpeedReader( 1001): Failed to read cpu-freq: /sys/devices/system/cpu/cpu4/cpufreq/stats/time_in_state (No such file or directory)
10-25 12:46:53.205 E/KernelCpuSpeedReader( 1001): Failed to read cpu-freq: /sys/devices/system/cpu/cpu0/cpufreq/stats/time_in_state (No such file or directory)
10-25 12:46:53.206 E/KernelCpuSpeedReader( 1001): Failed to read cpu-freq: /sys/devices/system/cpu/cpu4/cpufreq/stats/time_in_state (No such file or directory)
10-25 12:47:09.084 E/BatteryExternalStatsWorker( 1001): no controller energy info supplied for wifi
10-25 12:47:13.085 E/KernelCpuSpeedReader( 1001): Failed to read cpu-freq: /sys/devices/system/cpu/cpu0/cpufreq/stats/time_in_state (No such file or directory)
10-25 12:47:13.087 E/KernelCpuSpeedReader( 1001): Failed to read cpu-freq: /sys/devices/system/cpu/cpu4/cpufreq/stats/time_in_state (No such file or directory)
10-25 12:47:14.502 I/ActivityManager( 1001): Killing 4343:com.android.camera/u0a89 (adj 906): empty for 1817s
10-25 12:47:14.622 E/BatteryExternalStatsWorker( 1001): no controller energy info supplied for wifi
10-25 12:47:19.357 E/KernelCpuSpeedReader( 1001): Failed to read cpu-freq: /sys/devices/system/cpu/cpu0/cpufreq/stats/time_in_state (No such file or directory)
10-25 12:47:19.357 E/KernelCpuSpeedReader( 1001): Failed to read cpu-freq: /sys/devices/system/cpu/cpu4/cpufreq/stats/time_in_state (No such file or directory)
10-25 12:47:19.642 W/ContextImpl( 1545): Calling a method in the system process without a qualified user: android.app.ContextImpl.sendBroadcast:981 android.content.ContextWrapper.sendBroadcast:437 com.vivo.daemonService.VivoDaemonServiceApp.l1111111:2264 com.vivo.daemonService.VivoDaemonServiceApp.l11l:224 com.vivo.daemonService.l11l.handleMessage:456 
10-25 12:47:19.645 I/BroadcastQueue( 1001): toBefiltered is false, action = vivo.intent.action.PRELOAD_VIVOCAM
10-25 12:47:19.675 I/ActivityManager( 1001): Start proc 9522:com.android.camera/u0a89 for broadcast com.android.camera/.PreloadCameraReceiver
10-25 12:47:19.806 E/ANRManager( 9522): mPackageName = com.android.camera, Get anr service = android.app.anr.IANRManager$Stub$Proxy@7088e61
10-25 12:47:19.808 I/ANRMonitor( 9522): ANRMonitor initialized successfully.
10-25 12:47:19.813 I/SettingsProvider( 1001): insert settings success:false, table:0 name:cam_bright_mode value:0 pkg:com.android.camera
10-25 12:47:19.843 I/FtBuild ( 9522): getRomVersion mRomVer=4.0
10-25 12:47:21.902 E/ProximityExceptionCollect( 1001): from near to far, last time:40400
10-25 12:47:21.902 E/SarPowerStateService( 1001): handleMessage: 0
10-25 12:47:21.902 E/SarPowerStateService( 1001): reduce power
10-25 12:47:21.903 E/ProximityExceptionCollect( 1001): from near to far, last time:40400
10-25 12:47:21.914 W/ActivityManager( 1001): Unable to start service Intent { act=android.security.IKeyChainService cmp=com.android.keychain/.KeyChainService } U=999: not found
10-25 12:47:22.096 E/SarPowerStateService( 1001): common command not config, please check it.
10-25 12:47:22.096 E/SarPowerStateService( 1001): c2k command is empty, no need to reduce power.
10-25 12:47:23.389 I/PhoneWindowNotifyFace( 1001): notifyObserver result:1
10-25 12:47:23.390 I/FaceDetectService( 1001): notifyFaceDetectKeyHandler action: 1
10-25 12:47:23.390 I/FaceDetectService( 1001): handleScreenOn: mRetryTimes = 5
10-25 12:47:23.396 I/FingerprintUnlockController( 1001): keyCode: 26, action: 0
10-25 12:47:23.396 I/KeyguardUpdateMonitorCallback( 1001): keyCode: 26, action: 0
10-25 12:47:23.396 I/KeyguardUpdateMonitorCallback( 1001): fingerprint unlock unsupported
10-25 12:47:23.496 W/ContextImpl( 1001): Calling a method in the system process without a qualified user: android.app.ContextImpl.sendBroadcast:981 android.content.ContextWrapper.sendBroadcast:437 android.hardware.Camera.sendOpenCameraBroadCast:614 android.hardware.Camera.<init>:785 android.hardware.Camera.open:453 
10-25 12:47:23.504 I/PowerManagerService( 1001): Waking up from sleep (uid=1000 reason=WakeKey)...
10-25 12:47:23.505 E/NightPearlManager( 1001): onShowOff mService is null.
10-25 12:47:23.505 I/FingerprintUnlockController( 1001): onScreenOn
10-25 12:47:23.505 I/KeyguardUpdateMonitorCallback( 1001): onScreenOn
10-25 12:47:23.505 I/KeyguardUpdateMonitorCallback( 1001): fingerprint unlock unsupported
10-25 12:47:23.506 I/FingerprintUnlockController( 1001): keyCode: 26, action: 1
10-25 12:47:23.506 I/KeyguardUpdateMonitorCallback( 1001): keyCode: 26, action: 1
10-25 12:47:23.506 I/KeyguardUpdateMonitorCallback( 1001): fingerprint unlock unsupported
10-25 12:47:23.509 W/ContextImpl( 1001): Calling a method in the system process without a qualified user: android.app.ContextImpl.sendBroadcast:981 android.content.ContextWrapper.sendBroadcast:437 android.hardware.Camera.sendStartPreviewBroadCast:730 android.hardware.Camera.startPreview:1032 com.vivo.services.facedetect.FaceCamera.updateCameraLocked:627 
10-25 12:47:23.510 I/FaceDetectService( 1001): start verify curr = keyguard
10-25 12:47:23.515 I/VNOILBS ( 1001): VNOILBS mScreenOn=false level=97 mCriticalBatteryLevel=3 mNotificationLowBatteryStates=false mNotificationChargeStates=false status=4
10-25 12:47:23.518 E/KernelCpuSpeedReader( 1001): Failed to read cpu-freq: /sys/devices/system/cpu/cpu0/cpufreq/stats/time_in_state (No such file or directory)
10-25 12:47:23.518 E/KernelCpuSpeedReader( 1001): Failed to read cpu-freq: /sys/devices/system/cpu/cpu4/cpufreq/stats/time_in_state (No such file or directory)
10-25 12:47:23.519 I/DisplayPowerController( 1001): Blocking screen on until initial contents have been drawn.
10-25 12:47:23.522 I/DisplayPowerState( 1001): mBlockedByFingerprint = 0
10-25 12:47:23.522 E/DisplayPowerState( 1001): run changed=false mNightPearlManager is null! or state != Display.STATE_OFF
10-25 12:47:23.527 E/AutoBrightnessManager( 1001): setLightSensorEnabledInner get lux in fast mode
10-25 12:47:23.528 I/DisplayManagerService( 1001): Display device changed state: "", ON
10-25 12:47:23.528 E/AutoBrightnessManager( 1001): deliverLuxFromFastMode fail, fastLux = -1.0, mAutoBacklightEnabled = true, mWaitFirstLightLux = true, mLightEventArrived = false
10-25 12:47:23.545 E/RgbCurveAlgoDataStruct( 1001): pushStepCountData mPriveStepCountValue = 40111 mStepCountValue = 0 value = 40182
10-25 12:47:23.545 E/RgbBrightnessCurveAlgo( 1001): RGB mStepCountListener step_count = 40182
10-25 12:47:23.546 I/VivoUsbDeviceManager( 1001): mUsbNotificationId:0 usbTempId:0 mCurrentFunctions:mtp,adb mUsbDataUnlocked:false
10-25 12:47:23.548 I/VNOILBS ( 1001): VNOILBS mScreenOn=true level=97 mCriticalBatteryLevel=3 mNotificationLowBatteryStates=false mNotificationChargeStates=false status=4
10-25 12:47:23.601 I/VNOILNMS( 1001): ===VNOILNMS n=0 VideoStates=false NoticeStates=false flag_red=0 flag_green=0 mScreenOn=true mNotificationPulseEnabled=true
10-25 12:47:23.628 E/RgbBrightnessCurveAlgo( 1001): vivo_adjust_bar mChangeUpLux 28 mChangeDownLux 3 x_gm 13 current_brightness 15
10-25 12:47:23.631 E/RgbBrightnessCurveAlgo( 1001): vivo_adjust_bar mChangeUpLux 28 mChangeDownLux 3 x_gm 13 current_brightness 15
10-25 12:47:23.631 I/SettingsProvider( 1001): insert settings success:true, table:1 name:vivo_screen_auto_brightness value:15 pkg:android
10-25 12:47:23.632 I/SettingsProvider( 1001): insert settings success:false, table:1 name:vivo_screen_auto_brightness value:15 pkg:android
10-25 12:47:23.633 E/SarPowerStateService( 1001): handleMessage: 0
10-25 12:47:23.635 W/WindowManager( 1001): performSurfacePlacementInner:ExcessivePerform:: Called by com.android.server.wm.WindowSurfacePlacer.performSurfacePlacementLoop:198 com.android.server.wm.WindowSurfacePlacer.performSurfacePlacement:146 com.android.server.wm.WindowManagerService.relayoutWindow:2665 com.android.server.wm.Session.relayout:239 android.view.IWindowSession$Stub.onTransact:286 com.android.server.wm.Session.onTransact:163 android.os.Binder.execTransact:708 <bottom of call stack> <bottom of call stack> <bottom of call stack> <bottom of call stack> <bottom of call stack> <bottom of call stack> 
10-25 12:47:23.670 I/PackageManager( 1001): ### pkg:Package{94abb8f com.bbk.updater}
10-25 12:47:23.670 I/PackageManager( 1001): ### pkg:Package{94abb8f com.bbk.updater}
10-25 12:47:23.844 E/NightPearlManager( 1001): onBacklightStateChanged mService is null.
10-25 12:47:23.851 I/DisplayPowerController( 1001): Unblocked screen on after 332 ms
10-25 12:47:23.853 I/SettingsProvider( 1001): insert settings success:false, table:1 name:vivo_screen_auto_brightness value:15 pkg:android
10-25 12:47:23.853 I/DisplayPowerState( 1001): mBlockedByFingerprint = 0
10-25 12:47:23.853 E/DisplayPowerState( 1001): run changed=true mNightPearlManager is null! or state != Display.STATE_OFF
10-25 12:47:23.853 I/SettingsProvider( 1001): insert settings success:false, table:1 name:vivo_screen_auto_brightness value:15 pkg:android
10-25 12:47:23.854 I/PhoneWindowNotifyFace( 1001): notifyObserver result:9
10-25 12:47:23.854 I/FaceDetectService( 1001): notifyFaceDetectKeyHandler action: 9
10-25 12:47:23.854 W/PowerManagerService( 1001): Screen on took 351 ms
10-25 12:47:23.862 I/SettingsProvider( 1001): insert settings success:false, table:1 name:screen_brightness_change_by value:android pkg:android
10-25 12:47:23.864 E/NightPearlManager( 1001): onBacklightStateChanged mService is null.
10-25 12:47:23.867 I/SettingsProvider( 1001): insert settings success:true, table:1 name:screen_brightness value:15 pkg:android
10-25 12:47:23.877 I/SettingsProvider( 1001): insert settings success:false, table:1 name:vivo_screen_auto_brightness value:15 pkg:android
10-25 12:47:23.905 I/PackageManager( 1001): ### pkg:Package{fc0628d com.vivo.safecenter}
10-25 12:47:24.001 W/ActivityManager( 1001): mCallerApp.pid =1001,mCallerApp.uid=1000
10-25 12:47:24.001 W/ActivityManager( 1001): mCallingPidFilter=1001,mCallingUidFilter=1000
10-25 12:47:24.001 W/ActivityManager( 1001): reason = Periodic
10-25 12:47:24.002 W/ActivityManager( 1001): ==/==>: com.ss.android.ugc.aweme/10375 for syncservice callerPackage android Intent { act=android.content.SyncAdapter cmp=com.ss.android.ugc.aweme/com.bytedance.ies.common.push.account.AccountSyncService (has extras) }: XXXX
10-25 12:47:24.003 E/SyncManager( 1001): Bind attempt failed - target: ComponentInfo{com.ss.android.ugc.aweme/com.bytedance.ies.common.push.account.AccountSyncService}
10-25 12:47:24.425 I/FingerprintNotify( 1001): mFingerprintNotifyMessage == null
10-25 12:47:24.427 I/WindowManager( 1001): face unlock keyguardHide
10-25 12:47:24.429 I/WindowManager( 1001): hideKeyguardByFingerprint waiting WindowMap lock...
10-25 12:47:24.429 I/WindowManager( 1001): hideKeyguardByFingerprint hide 1
10-25 12:47:24.430 I/WindowManager( 1001): hideKeyguardByFingerprint, hide = true, childCount = 0
10-25 12:47:24.430 I/WindowManager( 1001): hide by finger print, hide = true, w = Window{18cc9ef u0 StatusBar}
10-25 12:47:24.432 I/WindowManager( 1001): hideKeyguardByFingerprint, doCompositionSync
10-25 12:47:24.449 I/WindowManager( 1001): hideKeyguardByFingerprint cost 19ms
10-25 12:47:24.449 I/WindowManager( 1001): face unlock keyguardDone
10-25 12:47:24.450 I/FaceDetectService( 1001): notify secure unlock
10-25 12:47:24.450 W/ContextImpl( 1001): Calling a method in the system process without a qualified user: android.app.ContextImpl.sendBroadcast:981 com.vivo.services.facedetect.FaceDetectService.sendFaceSuccessToSecure:3834 com.vivo.services.facedetect.FaceDetectService.notifyVerifyResult:2138 com.vivo.services.facedetect.FaceDetectService.handleSuccess:1371 com.vivo.services.facedetect.FaceDetectService.-wrap29:0 
10-25 12:47:24.503 W/WindowManager( 1001): performSurfacePlacementInner:ExcessivePerform:: Called by com.android.server.wm.WindowSurfacePlacer.performSurfacePlacementLoop:198 com.android.server.wm.WindowSurfacePlacer.performSurfacePlacement:146 com.android.server.wm.WindowManagerService.relayoutWindow:2665 com.android.server.wm.Session.relayout:239 android.view.IWindowSession$Stub.onTransact:286 com.android.server.wm.Session.onTransact:163 android.os.Binder.execTransact:708 <bottom of call stack> <bottom of call stack> <bottom of call stack> <bottom of call stack> <bottom of call stack> <bottom of call stack> 
10-25 12:47:24.505 I/WindowManager( 1001): hideKeyguardByFingerprint, hide = false, childCount = 0
10-25 12:47:24.505 I/WindowManager( 1001): hide by finger print, hide = false, w = Window{18cc9ef u0 StatusBar}
10-25 12:47:24.508 W/WindowManager( 1001): performSurfacePlacementInner:ExcessivePerform:: Called by com.android.server.wm.WindowSurfacePlacer.performSurfacePlacementLoop:198 com.android.server.wm.WindowSurfacePlacer.performSurfacePlacement:146 com.android.server.wm.WindowSurfacePlacer.performSurfacePlacement:136 com.android.server.wm.WindowManagerService$3.run:8952 android.os.Handler.handleCallback:790 android.os.Handler.dispatchMessage:99 android.os.Looper.loop:192 android.os.HandlerThread.run:65 com.android.server.ServiceThread.run:46 <bottom of call stack> <bottom of call stack> <bottom of call stack> <bottom of call stack> 
10-25 12:47:24.531 I/SettingsProvider( 1001): insert settings success:false, table:2 name:error_confirm_attempts value:0 pkg:com.android.systemui
10-25 12:47:24.531 I/WindowManager( 1001): appTransitionStateChanged, mVivoTransitionOnGoing = false
10-25 12:47:24.533 I/WindowManager( 1001): appTransitionStateChanged, mVivoTransitionOnGoing = false
10-25 12:47:24.543 I/chatty  ( 1001): uid=1000(system) Binder:1001_13 identical 1 line
10-25 12:47:24.549 I/WindowManager( 1001): appTransitionStateChanged, mVivoTransitionOnGoing = false
10-25 12:47:24.553 I/WindowManager( 1001): Launcher not resumed, delay app transition.
10-25 12:47:24.557 I/WindowManager( 1001): Launcher not resumed, delay app transition.
10-25 12:47:24.558 W/WindowManager( 1001): performSurfacePlacementInner:ExcessivePerform:: Called by com.android.server.wm.WindowSurfacePlacer.performSurfacePlacementLoop:198 com.android.server.wm.WindowSurfacePlacer.performSurfacePlacement:146 com.android.server.wm.WindowSurfacePlacer.performSurfacePlacement:136 com.android.server.wm.WindowSurfacePlacer.continueLayout:127 com.android.server.wm.WindowManagerService.continueSurfaceLayout:3582 com.android.server.am.KeyguardController.keyguardGoingAway:172 com.android.server.am.ActivityManagerService.keyguardGoingAway:8854 android.app.IActivityManager$Stub.onTransact:3398 com.android.server.am.ActivityManagerService.onTransact:3503 android.os.Binder.execTransact:708 <bottom of call stack> <bottom of call stack> <bottom of call stack> 
10-25 12:47:24.565 I/WindowManager( 1001): appTransitionStateChanged, mVivoTransitionOnGoing = false
10-25 12:47:24.565 I/WindowManager( 1001): appTransitionStateChanged, mVivoTransitionOnGoing = false
10-25 12:47:24.568 I/LockSettingsService( 1001): Unlocking user 0 with secret only, length 64
10-25 12:47:24.570 W/WindowManager( 1001): performSurfacePlacementInner:ExcessivePerform:: Called by com.android.server.wm.WindowSurfacePlacer.performSurfacePlacementLoop:198 com.android.server.wm.WindowSurfacePlacer.performSurfacePlacement:146 com.android.server.wm.WindowSurfacePlacer.performSurfacePlacement:136 com.android.server.wm.WindowSurfacePlacer.lambda$-com_android_server_wm_WindowSurfacePlacer_5369:109 com.android.server.wm.-$Lambda$aEpJ2RCAIjecjyIIYTv6ricEwh4.$m$12:4 com.android.server.wm.-$Lambda$aEpJ2RCAIjecjyIIYTv6ricEwh4.run:59 android.os.Handler.handleCallback:790 android.os.Handler.dispatchMessage:99 android.os.Looper.loop:192 android.os.HandlerThread.run:65 com.android.server.ServiceThread.run:46 <bottom of call stack> <bottom of call stack> 
10-25 12:47:24.577 I/FingerprintUnlockController( 1001): onKeyguardShown false
10-25 12:47:24.577 I/KeyguardUpdateMonitorCallback( 1001): onKeyguardShown false occluded: false
10-25 12:47:24.577 I/KeyguardUpdateMonitorCallback( 1001): fingerprint unlock unsupported
10-25 12:47:24.577 I/PhoneWindowNotifyFace( 1001): notifyObserver result:6
10-25 12:47:24.577 I/FaceDetectService( 1001): notifyFaceDetectKeyHandler action: 6
10-25 12:47:24.577 W/ActivityManager( 1001): Expected user 0 in state RUNNING_LOCKED but was in state RUNNING_UNLOCKED
10-25 12:47:24.577 I/FaceDetectService( 1001): vivofp collectDatatkeyguardExit success
10-25 12:47:24.577 W/ActivityManager( 1001): Expected user 999 in state RUNNING_LOCKED but was in state RUNNING_UNLOCKED
10-25 12:47:24.640 W/ContextImpl( 1001): Calling a method in the system process without a qualified user: android.app.ContextImpl.sendBroadcast:981 android.content.ContextWrapper.sendBroadcast:437 android.hardware.Camera.sendReleaseCameraBroadCast:632 android.hardware.Camera.release:834 com.vivo.services.facedetect.FaceCamera.releaseCameraLocked:709 
10-25 12:47:24.688 I/LockSettingsService( 1001): Unlocking user 999 with secret only, length 64
10-25 12:47:24.688 W/ActivityManager( 1001): Expected user 999 in state RUNNING_LOCKED but was in state RUNNING_UNLOCKED
10-25 12:47:24.689 I/LockSettingsService( 1001): Managed profile can have escrow token
10-25 12:47:24.689 I/LockSettingsService( 1001): Disabling escrow token on user 0
10-25 12:47:24.689 I/WindowManager( 1001): Relayout Window{e5d46a6 u0 NavigationBar}: oldVis=8 newVis=0 focusMayChange = true
10-25 12:47:24.693 W/BroadcastQueue( 1001): Background execution not allowed: receiving Intent { act=android.intent.action.USER_PRESENT flg=0x4200010 } to com.gotokeep.keep/com.tencent.android.tpush.XGPushReceiver
10-25 12:47:24.694 W/BroadcastQueue( 1001): Permission Denial: broadcasting Intent { act=android.intent.action.USER_PRESENT flg=0x4200010 } from com.android.systemui (pid=1316, uid=10023) is not exported from uid 10158 due to receiver com.snda.wifilocating/com.lantern.analytics.receiver.NetworkReceiver
10-25 12:47:24.695 I/PackageManager( 1001): ### pkg:Package{94abb8f com.bbk.updater}
10-25 12:47:24.695 W/BroadcastQueue( 1001): Background execution not allowed: receiving Intent { act=android.intent.action.USER_PRESENT flg=0x4200010 } to com.tencent.mtt/com.tencent.android.tpush.XGPushReceiver
10-25 12:47:24.703 W/BroadcastQueue( 1001): Background execution not allowed: receiving Intent { act=android.intent.action.USER_PRESENT flg=0x4200010 } to com.gotokeep.keep/.keepalive.receiver.WakeUpReceiver
10-25 12:47:24.706 W/ContextImpl( 1545): Calling a method in the system process without a qualified user: android.app.ContextImpl.startService:1491 android.content.ContextWrapper.startService:650 com.vivo.daemonService.lll.onReceive:2866 android.app.LoadedApk$ReceiverDispatcher$Args.lambda$-android_app_LoadedApk$ReceiverDispatcher$Args_53617:1339 android.app.-$Lambda$aS31cHIhRx41653CMnd4gZqshIQ.$m$7:4 
10-25 12:47:24.708 W/BroadcastQueue( 1001): Background execution not allowed: receiving Intent { act=android.intent.action.USER_PRESENT flg=0x4200010 } to com.bbk.calendar/.alerts.BirthdayReceiver
10-25 12:47:24.721 W/BroadcastQueue( 1001): Permission Denial: broadcasting Intent { act=android.intent.action.USER_PRESENT flg=0x4200010 } from com.android.systemui (pid=1316, uid=10023) is not exported from uid 10024 due to receiver com.vivo.browser/.freewifi.SelfStartBroadcastReceiver
10-25 12:47:24.722 W/BroadcastQueue( 1001): Background execution not allowed: receiving Intent { act=android.intent.action.USER_PRESENT flg=0x4200010 } to com.vivo.daemonService/.ewarranty.EwarrantyBroadcastReceiver
10-25 12:47:24.730 W/BroadcastQueue( 1001): Permission Denial: broadcasting Intent { act=android.intent.action.USER_PRESENT flg=0x4200010 } from com.android.systemui (pid=1316, uid=10023) is not exported from uid 10162 due to receiver cn.opda.a.phonoalbumshoushou/com.dianxinos.pandora.BoxReceiver
10-25 12:47:24.732 W/ContextImpl( 1545): Calling a method in the system process without a qualified user: android.app.ContextImpl.sendBroadcast:981 android.content.ContextWrapper.sendBroadcast:437 com.vivo.daemonService.calendar.CalendarService.llll1l:197 com.vivo.daemonService.calendar.CalendarService.onHandleIntent:74 android.app.IntentService$ServiceHandler.handleMessage:76 
10-25 12:47:24.736 W/WindowManager( 1001): performSurfacePlacementInner:ExcessivePerform:: Called by com.android.server.wm.WindowSurfacePlacer.performSurfacePlacementLoop:198 com.android.server.wm.WindowSurfacePlacer.performSurfacePlacement:146 com.android.server.wm.WindowManagerService.relayoutWindow:2665 com.android.server.wm.Session.relayout:239 android.view.IWindowSession$Stub.onTransact:286 com.android.server.wm.Session.onTransact:163 android.os.Binder.execTransact:708 <bottom of call stack> <bottom of call stack> <bottom of call stack> <bottom of call stack> <bottom of call stack> <bottom of call stack> 
10-25 12:47:24.737 W/BroadcastQueue( 1001): Background execution not allowed: receiving Intent { act=android.intent.action.USER_PRESENT flg=0x4200010 } to com.autonavi.minimap/com.taobao.accs.EventReceiver
10-25 12:47:24.743 W/WindowManager( 1001): performSurfacePlacementInner:ExcessivePerform:: Called by com.android.server.wm.WindowSurfacePlacer.performSurfacePlacementLoop:198 com.android.server.wm.WindowSurfacePlacer.performSurfacePlacement:146 com.android.server.wm.WindowSurfacePlacer.performSurfacePlacement:136 com.android.server.wm.WindowManagerService$3.run:8952 android.os.Handler.handleCallback:790 android.os.Handler.dispatchMessage:99 android.os.Looper.loop:192 android.os.HandlerThread.run:65 com.android.server.ServiceThread.run:46 <bottom of call stack> <bottom of call stack> <bottom of call stack> <bottom of call stack> 
10-25 12:47:24.745 W/BroadcastQueue( 1001): Background execution not allowed: receiving Intent { act=android.intent.action.USER_PRESENT flg=0x4200010 } to com.baidu.searchbox/com.baidu.android.pushservice.PushServiceReceiver
10-25 12:47:24.746 W/BroadcastQueue( 1001): Background execution not allowed: receiving Intent { act=android.intent.action.USER_PRESENT flg=0x4200010 } to com.nuomi/com.baidu.android.pushservice.PushServiceReceiver
10-25 12:47:24.747 W/BroadcastQueue( 1001): Background execution not allowed: receiving Intent { act=android.intent.action.USER_PRESENT flg=0x4200010 } to com.nuomi/com.baidu.ibeacon.service.SystemBroadcastReceiver
10-25 12:47:24.747 W/BroadcastQueue( 1001): Background execution not allowed: receiving Intent { act=android.intent.action.USER_PRESENT flg=0x4200010 } to com.qiyi.video/com.iqiyi.hcim.service.BroadcastCenter
10-25 12:47:24.747 W/BroadcastQueue( 1001): Background execution not allowed: receiving Intent { act=android.intent.action.USER_PRESENT flg=0x4200010 } to com.qiyi.video/com.iqiyi.pushservice.PushServiceReceiver
10-25 12:47:24.748 W/BroadcastQueue( 1001): Background execution not allowed: receiving Intent { act=android.intent.action.USER_PRESENT flg=0x4200010 } to com.qiyi.video/com.iqiyi.impushservice.receiver.ImPushServiceReceiver
10-25 12:47:24.748 W/BroadcastQueue( 1001): Background execution not allowed: receiving Intent { act=android.intent.action.USER_PRESENT flg=0x4200010 } to com.sankuai.meituan/com.dianping.base.push.pushservice.PhoneStatusReceiver
10-25 12:47:24.748 W/BroadcastQueue( 1001): Background execution not allowed: receiving Intent { act=android.intent.action.USER_PRESENT flg=0x4200010 } to com.ss.android.ugc.aweme/com.ss.android.message.MessageReceiver
10-25 12:47:24.749 W/BroadcastQueue( 1001): Background execution not allowed: receiving Intent { act=android.intent.action.USER_PRESENT flg=0x4200010 } to com.ss.android.ugc.aweme/com.ss.android.message.sswo.SswoReceiver
10-25 12:47:24.749 W/BroadcastQueue( 1001): Background execution not allowed: receiving Intent { act=android.intent.action.USER_PRESENT flg=0x4200010 } to com.ss.android.ugc.aweme/com.ss.android.push.window.oppo.ScreenReceiver
10-25 12:47:24.750 W/BroadcastQueue( 1001): Background execution not allowed: receiving Intent { act=android.intent.action.USER_PRESENT flg=0x4200010 } to com.ss.android.ugc.aweme/com.taobao.accs.EventReceiver
10-25 12:47:24.750 W/BroadcastQueue( 1001): Background execution not allowed: receiving Intent { act=android.intent.action.USER_PRESENT flg=0x4200010 } to com.taobao.taobao/com.taobao.accs.EventReceiver
10-25 12:47:24.751 W/BroadcastQueue( 1001): Background execution not allowed: receiving Intent { act=android.intent.action.USER_PRESENT flg=0x4200010 } to com.taobao.trip/com.taobao.accs.EventReceiver
10-25 12:47:24.751 W/BroadcastQueue( 1001): Background execution not allowed: receiving Intent { act=android.intent.action.USER_PRESENT flg=0x4200010 } to com.tencent.androidqqmail/com.tencent.qqmail.utilities.qmbroadcastreceiver.QMPushReceiver
10-25 12:47:24.751 W/BroadcastQueue( 1001): Background execution not allowed: receiving Intent { act=android.intent.action.USER_PRESENT flg=0x4200010 } to com.youdao.dict/com.youdao.dnscache.net.networktype.NetworkStateReceiver
10-25 12:47:24.802 W/WindowManager( 1001): performSurfacePlacementInner:ExcessivePerform:: Called by com.android.server.wm.WindowSurfacePlacer.performSurfacePlacementLoop:198 com.android.server.wm.WindowSurfacePlacer.performSurfacePlacement:146 com.android.server.wm.WindowManagerService.relayoutWindow:2665 com.android.server.wm.Session.relayout:239 android.view.IWindowSession$Stub.onTransact:286 com.android.server.wm.Session.onTransact:163 android.os.Binder.execTransact:708 <bottom of call stack> <bottom of call stack> <bottom of call stack> <bottom of call stack> <bottom of call stack> <bottom of call stack> 
10-25 12:47:24.807 W/WindowManager( 1001): performSurfacePlacementInner:ExcessivePerform:: Called by com.android.server.wm.WindowSurfacePlacer.performSurfacePlacementLoop:198 com.android.server.wm.WindowSurfacePlacer.performSurfacePlacement:146 com.android.server.wm.WindowSurfacePlacer.performSurfacePlacement:136 com.android.server.wm.WindowManagerService$3.run:8952 android.os.Handler.handleCallback:790 android.os.Handler.dispatchMessage:99 android.os.Looper.loop:192 android.os.HandlerThread.run:65 com.android.server.ServiceThread.run:46 <bottom of call stack> <bottom of call stack> <bottom of call stack> <bottom of call stack> 
10-25 12:47:24.811 W/WindowManager( 1001): performSurfacePlacementInner:ExcessivePerform:: Called by com.android.server.wm.WindowSurfacePlacer.performSurfacePlacementLoop:198 com.android.server.wm.WindowSurfacePlacer.performSurfacePlacement:146 com.android.server.wm.WindowManagerService.relayoutWindow:2665 com.android.server.wm.Session.relayout:239 android.view.IWindowSession$Stub.onTransact:286 com.android.server.wm.Session.onTransact:163 android.os.Binder.execTransact:708 <bottom of call stack> <bottom of call stack> <bottom of call stack> <bottom of call stack> <bottom of call stack> <bottom of call stack> 
10-25 12:47:24.816 W/WindowManager( 1001): performSurfacePlacementInner:ExcessivePerform:: Called by com.android.server.wm.WindowSurfacePlacer.performSurfacePlacementLoop:198 com.android.server.wm.WindowSurfacePlacer.performSurfacePlacement:146 com.android.server.wm.WindowSurfacePlacer.performSurfacePlacement:136 com.android.server.wm.WindowSurfacePlacer.lambda$-com_android_server_wm_WindowSurfacePlacer_5369:109 com.android.server.wm.-$Lambda$aEpJ2RCAIjecjyIIYTv6ricEwh4.$m$12:4 com.android.server.wm.-$Lambda$aEpJ2RCAIjecjyIIYTv6ricEwh4.run:59 android.os.Handler.handleCallback:790 android.os.Handler.dispatchMessage:99 android.os.Looper.loop:192 android.os.HandlerThread.run:65 com.android.server.ServiceThread.run:46 <bottom of call stack> <bottom of call stack> 
10-25 12:47:24.904 I/PackageManager( 1001): ### pkg:Package{707e093 com.vivo.doubletimezoneclock}
10-25 12:47:24.912 I/PackageManager( 1001): ### pkg:Package{707e093 com.vivo.doubletimezoneclock}
10-25 12:47:24.924 I/PackageManager( 1001): ### pkg:Package{544f471 com.vivo.browser}
10-25 12:47:24.942 I/PackageManager( 1001): ### pkg:Package{18697ee com.vivo.weather.provider}
10-25 12:47:24.953 I/PackageManager( 1001): ### pkg:Package{1eadbe1 com.vivo.weather}
10-25 12:47:25.819 E/KernelCpuSpeedReader( 1001): Failed to read cpu-freq: /sys/devices/system/cpu/cpu0/cpufreq/stats/time_in_state (No such file or directory)
10-25 12:47:25.820 E/KernelCpuSpeedReader( 1001): Failed to read cpu-freq: /sys/devices/system/cpu/cpu4/cpufreq/stats/time_in_state (No such file or directory)
10-25 12:47:29.208 I/PackageManager( 1001): ### pkg:Package{707e093 com.vivo.doubletimezoneclock}
10-25 12:47:31.836 I/ActivityManager( 1001): START u0 {act=android.intent.action.MAIN cat=[android.intent.category.LAUNCHER] flg=0x30200000 cmp=com.ss.android.ugc.aweme/.splash.SplashActivity bnds=[276,646][444,829] (has extras)} from uid 10032
10-25 12:47:31.836 I/ActivityManager( 1001): send message.
10-25 12:47:31.838 I/ActivityManager( 1001): remove message.
10-25 12:47:31.838 I/ActivityManager( 1001): send message.
10-25 12:47:31.838 I/ActivityManager( 1001): remove message.
10-25 12:47:31.843 I/WindowManager( 1001): appTransitionStateChanged, mVivoTransitionOnGoing = false
10-25 12:47:31.876 I/WindowManager( 1001): overridePendingAppTransitionThumbFromLauncher, bmpWidth = null, bmpHeight = null, startX = 309, startY = 675, scaleUp = true, animateExit = false, isTransitionSet() = true, mNextAppTransitionType = 0
10-25 12:47:31.876 I/WindowManager( 1001): after overridePendingAppTransitionThumbFromLauncher
10-25 12:47:31.879 I/WindowManager( 1001): appTransitionStateChanged, mVivoTransitionOnGoing = false
10-25 12:47:31.895 I/ActivityManager( 1001): Start proc 9651:com.ss.android.ugc.aweme/u0a375 for activity com.ss.android.ugc.aweme/.splash.SplashActivity
10-25 12:47:31.932 W/WindowManager( 1001): performSurfacePlacementInner:ExcessivePerform:: Called by com.android.server.wm.WindowSurfacePlacer.performSurfacePlacementLoop:198 com.android.server.wm.WindowSurfacePlacer.performSurfacePlacement:146 com.android.server.wm.WindowManagerService.relayoutWindow:2665 com.android.server.wm.Session.relayout:239 android.view.IWindowSession$Stub.onTransact:286 com.android.server.wm.Session.onTransact:163 android.os.Binder.execTransact:708 <bottom of call stack> <bottom of call stack> <bottom of call stack> <bottom of call stack> <bottom of call stack> <bottom of call stack> 
10-25 12:47:31.949 I/WindowManager( 1001): appTransitionStateChanged, mVivoTransitionOnGoing = false
10-25 12:47:31.974 I/WindowManager( 1001): appTransitionStateChanged, mVivoTransitionOnGoing = true
10-25 12:47:31.979 W/WindowManager( 1001): performSurfacePlacementInner:ExcessivePerform:: Called by com.android.server.wm.WindowSurfacePlacer.performSurfacePlacementLoop:198 com.android.server.wm.WindowSurfacePlacer.performSurfacePlacement:146 com.android.server.wm.WindowSurfacePlacer.performSurfacePlacement:136 com.android.server.wm.WindowSurfacePlacer.lambda$-com_android_server_wm_WindowSurfacePlacer_5369:109 com.android.server.wm.-$Lambda$aEpJ2RCAIjecjyIIYTv6ricEwh4.$m$12:4 com.android.server.wm.-$Lambda$aEpJ2RCAIjecjyIIYTv6ricEwh4.run:59 android.os.Handler.handleCallback:790 android.os.Handler.dispatchMessage:99 android.os.Looper.loop:192 android.os.HandlerThread.run:65 com.android.server.ServiceThread.run:46 <bottom of call stack> <bottom of call stack> 
10-25 12:47:31.986 I/SettingsProvider( 1001): insert settings success:true, table:1 name:vivo_fullscreen_flag value:1 pkg:android
10-25 12:47:32.014 I/WindowManager( 1001): relayoutWindow, start wait: WM.LayoutParams{(0,0)(fillxfill) sim=#20 ty=2019 fl=#1800068 fmt=-3 colorMode=0 homeIndicatorState=-1 keepFullScreen=0 internalFlag=0x0}
10-25 12:47:32.235 I/WindowManager( 1001): appTransitionStateChanged, mVivoTransitionOnGoing = false
10-25 12:47:32.236 I/WindowManager( 1001): relayoutWindow, end wait
10-25 12:47:32.241 W/WindowManager( 1001): performSurfacePlacementInner:ExcessivePerform:: Called by com.android.server.wm.WindowSurfacePlacer.performSurfacePlacementLoop:198 com.android.server.wm.WindowSurfacePlacer.performSurfacePlacement:146 com.android.server.wm.WindowSurfacePlacer.performSurfacePlacement:136 com.android.server.wm.WindowSurfacePlacer.lambda$-com_android_server_wm_WindowSurfacePlacer_5369:109 com.android.server.wm.-$Lambda$aEpJ2RCAIjecjyIIYTv6ricEwh4.$m$12:4 com.android.server.wm.-$Lambda$aEpJ2RCAIjecjyIIYTv6ricEwh4.run:59 android.os.Handler.handleCallback:790 android.os.Handler.dispatchMessage:99 android.os.Looper.loop:192 android.os.HandlerThread.run:65 com.android.server.ServiceThread.run:46 <bottom of call stack> <bottom of call stack> 
10-25 12:47:32.244 W/WindowManager( 1001): performSurfacePlacementInner:ExcessivePerform:: Called by com.android.server.wm.WindowSurfacePlacer.performSurfacePlacementLoop:198 com.android.server.wm.WindowSurfacePlacer.performSurfacePlacement:146 com.android.server.wm.WindowManagerService.relayoutWindow:2665 com.android.server.wm.Session.relayout:239 android.view.IWindowSession$Stub.onTransact:286 com.android.server.wm.Session.onTransact:163 android.os.Binder.execTransact:708 <bottom of call stack> <bottom of call stack> <bottom of call stack> <bottom of call stack> <bottom of call stack> <bottom of call stack> 
10-25 12:47:32.364 I/SettingsProvider( 1001): insert settings success:false, table:2 name:enabled_notification_listeners value:com.bbk.launcher2/com.bbk.launcher2.NotificationCollectorListener:com.vivo.pushservice/com.vivo.push.util.NotificationMonitor pkg:android
10-25 12:47:32.364 I/SettingsProvider( 1001): insert settings success:false, table:2 name:enabled_notification_policy_access_packages value:com.android.camera2 pkg:android
10-25 12:47:32.472 W/ContextImpl( 1576): Calling a method in the system process without a qualified user: android.app.ContextImpl.sendBroadcast:981 android.content.ContextWrapper.sendBroadcast:437 com.vivo.upslide.l11l1.lll11l1:1255 com.vivo.upslide.l11l1.lll1:85 com.vivo.upslide.lll11.run:1234 
10-25 12:47:32.498 I/FtBuild ( 9651): getRomVersion mRomVer=4.0
10-25 12:47:32.534 I/WindowManager( 1001): Relayout Window{d844cb7 u0 UpSlideTransparentView}: oldVis=4 newVis=0 focusMayChange = true
10-25 12:47:32.600 I/ActivityManager( 1001): START u0 {act=android.intent.action.MAIN cat=[android.intent.category.LAUNCHER] flg=0x14000000 cmp=com.ss.android.ugc.aweme/.main.MainActivity (has extras)} from uid 10375
10-25 12:47:32.601 I/ActivityManager( 1001): send message.
10-25 12:47:32.602 I/ActivityManager( 1001): remove message.
10-25 12:47:32.602 I/ActivityManager( 1001): send message.
10-25 12:47:32.603 I/ActivityManager( 1001): remove message.
10-25 12:47:32.604 I/VPS     ( 1001): Runtime permission, PERMISSION_GRANTED! uid:10375 pid:9651
10-25 12:47:32.611 I/WindowManager( 1001): appTransitionStateChanged, mVivoTransitionOnGoing = false
10-25 12:47:32.622 I/ActivityManager( 1001): vivoAdjustFocusedActivityStackLocked step1 r = ActivityRecord{b4651a3 u0 com.ss.android.ugc.aweme/.splash.SplashActivity t341 f}, reason = finishActivity, mResumedActivity = null
10-25 12:47:32.638 I/WindowManager( 1001): appTransitionStateChanged, mVivoTransitionOnGoing = false
10-25 12:47:32.651 I/chatty  ( 1001): uid=1000(system) Binder:1001_13 identical 1 line
10-25 12:47:32.662 I/WindowManager( 1001): appTransitionStateChanged, mVivoTransitionOnGoing = false
10-25 12:47:32.669 W/WindowManager( 1001): performSurfacePlacementInner:ExcessivePerform:: Called by com.android.server.wm.WindowSurfacePlacer.performSurfacePlacementLoop:198 com.android.server.wm.WindowSurfacePlacer.performSurfacePlacement:146 com.android.server.wm.WindowSurfacePlacer.performSurfacePlacement:136 com.android.server.wm.WindowSurfacePlacer.continueLayout:127 com.android.server.wm.WindowManagerService.continueSurfaceLayout:3582 com.android.server.am.ActivityStack.activityPausedLocked:1584 com.android.server.am.ActivityManagerService.activityPaused:9076 android.app.IActivityManager$Stub.onTransact:318 com.android.server.am.ActivityManagerService.onTransact:3503 android.os.Binder.execTransact:708 <bottom of call stack> <bottom of call stack> <bottom of call stack> 
10-25 12:47:32.674 W/WindowManager( 1001): performSurfacePlacementInner:ExcessivePerform:: Called by com.android.server.wm.WindowSurfacePlacer.performSurfacePlacementLoop:198 com.android.server.wm.WindowSurfacePlacer.performSurfacePlacement:146 com.android.server.wm.WindowSurfacePlacer.performSurfacePlacement:136 com.android.server.wm.WindowSurfacePlacer.lambda$-com_android_server_wm_WindowSurfacePlacer_5369:109 com.android.server.wm.-$Lambda$aEpJ2RCAIjecjyIIYTv6ricEwh4.$m$12:4 com.android.server.wm.-$Lambda$aEpJ2RCAIjecjyIIYTv6ricEwh4.run:59 android.os.Handler.handleCallback:790 android.os.Handler.dispatchMessage:99 android.os.Looper.loop:192 android.os.HandlerThread.run:65 com.android.server.ServiceThread.run:46 <bottom of call stack> <bottom of call stack> 
10-25 12:47:32.777 I/VPS     ( 1001): Runtime permission, PERMISSION_GRANTED! uid:10375 pid:9651
10-25 12:47:32.851 I/VPS     ( 1001): Runtime permission, PERMISSION_GRANTED! uid:10375 pid:9651
10-25 12:47:32.867 I/VPS     ( 1001): Runtime permission, PERMISSION_GRANTED! uid:10375 pid:9651
10-25 12:47:32.886 I/VPS     ( 1001): Runtime permission, PERMISSION_GRANTED! uid:10375 pid:9651
10-25 12:47:32.914 I/VPS     ( 1001): Runtime permission, PERMISSION_GRANTED! uid:10375 pid:9651
10-25 12:47:32.930 I/chatty  ( 1001): uid=1000(system) Binder:1001_D identical 1 line
10-25 12:47:32.948 I/VPS     ( 1001): Runtime permission, PERMISSION_GRANTED! uid:10375 pid:9651
10-25 12:47:32.969 I/VPS     ( 1001): Runtime permission, PERMISSION_GRANTED! uid:10375 pid:9651
10-25 12:47:32.992 I/VPS     ( 1001): Runtime permission, PERMISSION_GRANTED! uid:10375 pid:9651
10-25 12:47:33.014 I/VPS     ( 1001): Runtime permission, PERMISSION_GRANTED! uid:10375 pid:9651
10-25 12:47:33.020 I/WindowManager( 1001): appTransitionStateChanged, mVivoTransitionOnGoing = false
10-25 12:47:33.058 I/VPS     ( 1001): Runtime permission, PERMISSION_GRANTED! uid:10375 pid:9651
10-25 12:47:33.074 I/VPS     ( 1001): Runtime permission, PERMISSION_GRANTED! uid:10375 pid:9651
10-25 12:47:33.095 I/VPS     ( 1001): Runtime permission, PERMISSION_GRANTED! uid:10375 pid:9651
10-25 12:47:33.098 I/WindowManager( 1001): Relayout Window{9ec86c1 u0 com.ss.android.ugc.aweme/com.ss.android.ugc.aweme.main.MainActivity}: oldVis=4 newVis=0 focusMayChange = true
10-25 12:47:33.108 I/VPS     ( 1001): Runtime permission, PERMISSION_GRANTED! uid:10375 pid:9651
10-25 12:47:33.123 W/WindowManager( 1001): performSurfacePlacementInner:ExcessivePerform:: Called by com.android.server.wm.WindowSurfacePlacer.performSurfacePlacementLoop:198 com.android.server.wm.WindowSurfacePlacer.performSurfacePlacement:146 com.android.server.wm.WindowManagerService.relayoutWindow:2665 com.android.server.wm.Session.relayout:239 android.view.IWindowSession$Stub.onTransact:286 com.android.server.wm.Session.onTransact:163 android.os.Binder.execTransact:708 <bottom of call stack> <bottom of call stack> <bottom of call stack> <bottom of call stack> <bottom of call stack> <bottom of call stack> 
10-25 12:47:33.248 I/VPS     ( 1001): Runtime permission, PERMISSION_GRANTED! uid:10375 pid:9651
10-25 12:47:33.249 I/NetworkStatsRecorder( 1001): recordSnapshotLocked: ident[[{type=WIFI, subType=COMBINED, networkId="SVD-2.4GHz", metered=false}]]
10-25 12:47:33.249 W/NetworkStatsRecorder( 1001): unknown interfaces [lo, ccmni2, ccmni3], ignoring those stats
10-25 12:47:33.250 I/NetworkStatsRecorder( 1001): recordSnapshotLocked: ident[[{type=WIFI, subType=COMBINED, networkId="SVD-2.4GHz", metered=false}]]
10-25 12:47:33.250 W/NetworkStatsRecorder( 1001): unknown interfaces [lo, ccmni2, ccmni3], ignoring those stats
10-25 12:47:33.251 I/NetworkStatsRecorder( 1001): recordSnapshotLocked: ident[[{type=WIFI, subType=COMBINED, networkId="SVD-2.4GHz", metered=false}]]
10-25 12:47:33.251 I/chatty  ( 1001): uid=1000(system) Binder:1001_3 identical 7 lines
10-25 12:47:33.251 I/NetworkStatsRecorder( 1001): recordSnapshotLocked: ident[[{type=WIFI, subType=COMBINED, networkId="SVD-2.4GHz", metered=false}]]
10-25 12:47:33.252 W/NetworkStatsRecorder( 1001): unknown interfaces [lo, ccmni2, ccmni3], ignoring those stats
10-25 12:47:33.253 W/NetworkStatsRecorder( 1001): unknown interfaces [lo, ccmni2, ccmni3], ignoring those stats
10-25 12:47:33.310 I/NetworkStatsRecorder( 1001): recordSnapshotLocked: ident[[{type=WIFI, subType=COMBINED, networkId="SVD-2.4GHz", metered=false}]]
10-25 12:47:33.311 W/NetworkStatsRecorder( 1001): unknown interfaces [lo, ccmni2, ccmni3], ignoring those stats
10-25 12:47:33.311 I/NetworkStatsRecorder( 1001): recordSnapshotLocked: ident[[{type=WIFI, subType=COMBINED, networkId="SVD-2.4GHz", metered=false}]]
10-25 12:47:33.311 W/NetworkStatsRecorder( 1001): unknown interfaces [lo, ccmni2, ccmni3], ignoring those stats
10-25 12:47:33.312 I/NetworkStatsRecorder( 1001): recordSnapshotLocked: ident[[{type=WIFI, subType=COMBINED, networkId="SVD-2.4GHz", metered=false}]]
10-25 12:47:33.312 I/NetworkStatsRecorder( 1001): recordSnapshotLocked: ident[[{type=WIFI, subType=COMBINED, networkId="SVD-2.4GHz", metered=false}]]
10-25 12:47:33.312 W/NetworkStatsRecorder( 1001): unknown interfaces [lo, ccmni2, ccmni3], ignoring those stats
10-25 12:47:33.314 W/NetworkStatsRecorder( 1001): unknown interfaces [lo, ccmni2, ccmni3], ignoring those stats
10-25 12:47:33.343 I/VPS     ( 1001): Runtime permission, PERMISSION_GRANTED! uid:10375 pid:9651
10-25 12:47:33.408 I/VPS     ( 1001): Runtime permission, PERMISSION_GRANTED! uid:10375 pid:9651
10-25 12:47:33.436 W/ContextImpl( 1576): Calling a method in the system process without a qualified user: android.app.ContextImpl.sendBroadcast:981 android.content.ContextWrapper.sendBroadcast:437 com.vivo.upslide.l11l1.lll11ll:1261 com.vivo.upslide.l11l1.llll:85 com.vivo.upslide.lll11.run:1236 
10-25 12:47:33.440 W/WindowManager( 1001): performSurfacePlacementInner:ExcessivePerform:: Called by com.android.server.wm.WindowSurfacePlacer.performSurfacePlacementLoop:198 com.android.server.wm.WindowSurfacePlacer.performSurfacePlacement:146 com.android.server.wm.WindowSurfacePlacer.performSurfacePlacement:136 com.android.server.wm.WindowSurfacePlacer.lambda$-com_android_server_wm_WindowSurfacePlacer_5369:109 com.android.server.wm.-$Lambda$aEpJ2RCAIjecjyIIYTv6ricEwh4.$m$12:4 com.android.server.wm.-$Lambda$aEpJ2RCAIjecjyIIYTv6ricEwh4.run:59 android.os.Handler.handleCallback:790 android.os.Handler.dispatchMessage:99 android.os.Looper.loop:192 android.os.HandlerThread.run:65 com.android.server.ServiceThread.run:46 <bottom of call stack> <bottom of call stack> 
10-25 12:47:33.445 W/WindowManager( 1001): performSurfacePlacementInner:ExcessivePerform:: Called by com.android.server.wm.WindowSurfacePlacer.performSurfacePlacementLoop:198 com.android.server.wm.WindowSurfacePlacer.performSurfacePlacement:146 com.android.server.wm.WindowSurfacePlacer.performSurfacePlacement:136 com.android.server.wm.WindowSurfacePlacer.lambda$-com_android_server_wm_WindowSurfacePlacer_5369:109 com.android.server.wm.-$Lambda$aEpJ2RCAIjecjyIIYTv6ricEwh4.$m$12:4 com.android.server.wm.-$Lambda$aEpJ2RCAIjecjyIIYTv6ricEwh4.run:59 android.os.Handler.handleCallback:790 android.os.Handler.dispatchMessage:99 android.os.Looper.loop:192 android.os.HandlerThread.run:65 com.android.server.ServiceThread.run:46 <bottom of call stack> <bottom of call stack> 
10-25 12:47:33.453 W/WindowManager( 1001): performSurfacePlacementInner:ExcessivePerform:: Called by com.android.server.wm.WindowSurfacePlacer.performSurfacePlacementLoop:198 com.android.server.wm.WindowSurfacePlacer.performSurfacePlacement:146 com.android.server.wm.WindowSurfacePlacer.performSurfacePlacement:136 com.android.server.wm.WindowState.setupWindowForRemoveOnExit:2229 com.android.server.wm.WindowState.removeIfPossible:2186 com.android.server.wm.WindowState.removeIfPossible:2066 com.android.server.wm.WindowManagerService.removeWindow:2108 com.android.server.wm.Session.remove:222 android.view.ViewRootImpl.dispatchDetachedFromWindow:3727 android.view.ViewRootImpl.doDie:6697 android.view.ViewRootImpl$ViewRootHandler.handleMessage:4150 android.os.Handler.dispatchMessage:106 android.os.Looper.loop:192 
10-25 12:47:33.459 W/WindowManager( 1001): performSurfacePlacementInner:ExcessivePerform:: Called by com.android.server.wm.WindowSurfacePlacer.performSurfacePlacementLoop:198 com.android.server.wm.WindowSurfacePlacer.performSurfacePlacement:146 com.android.server.wm.WindowManagerService.relayoutWindow:2665 com.android.server.wm.Session.relayout:239 android.view.IWindowSession$Stub.onTransact:286 com.android.server.wm.Session.onTransact:163 android.os.Binder.execTransact:708 <bottom of call stack> <bottom of call stack> <bottom of call stack> <bottom of call stack> <bottom of call stack> <bottom of call stack> 
10-25 12:47:33.466 I/SettingsProvider( 1001): insert settings success:true, table:1 name:vivo_fullscreen_flag value:0 pkg:android
10-25 12:47:33.487 I/VPS     ( 1001): Runtime permission, PERMISSION_GRANTED! uid:10375 pid:9651
10-25 12:47:33.490 W/WindowManager( 1001): performSurfacePlacementInner:ExcessivePerform:: Called by com.android.server.wm.WindowSurfacePlacer.performSurfacePlacementLoop:198 com.android.server.wm.WindowSurfacePlacer.performSurfacePlacement:146 com.android.server.wm.WindowManagerService.relayoutWindow:2665 com.android.server.wm.Session.relayout:239 android.view.IWindowSession$Stub.onTransact:286 com.android.server.wm.Session.onTransact:163 android.os.Binder.execTransact:708 <bottom of call stack> <bottom of call stack> <bottom of call stack> <bottom of call stack> <bottom of call stack> <bottom of call stack> 
10-25 12:47:33.499 W/WindowManager( 1001): performSurfacePlacementInner:ExcessivePerform:: Called by com.android.server.wm.WindowSurfacePlacer.performSurfacePlacementLoop:198 com.android.server.wm.WindowSurfacePlacer.performSurfacePlacement:146 com.android.server.wm.WindowManagerService.relayoutWindow:2665 com.android.server.wm.Session.relayout:239 android.view.IWindowSession$Stub.onTransact:286 com.android.server.wm.Session.onTransact:163 android.os.Binder.execTransact:708 <bottom of call stack> <bottom of call stack> <bottom of call stack> <bottom of call stack> <bottom of call stack> <bottom of call stack> 
10-25 12:47:33.500 I/VPS     ( 1001): Runtime permission, PERMISSION_GRANTED! uid:10375 pid:9651
10-25 12:47:33.514 I/VPS     ( 1001): Runtime permission, PERMISSION_GRANTED! uid:10375 pid:9651
10-25 12:47:33.542 I/VNOILBS ( 1001): VNOILBS mScreenOn=true level=97 mCriticalBatteryLevel=3 mNotificationLowBatteryStates=false mNotificationChargeStates=false status=4
10-25 12:47:33.547 I/VivoUsbDeviceManager( 1001): mUsbNotificationId:0 usbTempId:0 mCurrentFunctions:mtp,adb mUsbDataUnlocked:false
10-25 12:47:33.581 I/VPS     ( 1001): Runtime permission, PERMISSION_GRANTED! uid:10375 pid:9651
10-25 12:47:33.590 E/RgbBrightnessCurveAlgo( 1001): vivo_adjust_bar mChangeUpLux 637 mChangeDownLux 16 x_gm 32 current_brightness 32
10-25 12:47:33.590 I/SettingsProvider( 1001): insert settings success:true, table:1 name:vivo_screen_auto_brightness value:32 pkg:android
10-25 12:47:33.601 I/DisplayPowerState( 1001): mBlockedByFingerprint = 0
10-25 12:47:33.601 E/DisplayPowerState( 1001): run changed=true mNightPearlManager is null! or state != Display.STATE_OFF
10-25 12:47:33.604 I/SettingsProvider( 1001): insert settings success:false, table:1 name:screen_brightness_change_by value:android pkg:android
10-25 12:47:33.604 I/SettingsProvider( 1001): insert settings success:true, table:1 name:screen_brightness value:16 pkg:android
10-25 12:47:33.613 E/NightPearlManager( 1001): onBacklightStateChanged mService is null.
10-25 12:47:33.617 I/VPS     ( 1001): Runtime permission, PERMISSION_GRANTED! uid:10375 pid:9651
10-25 12:47:33.620 I/SettingsProvider( 1001): insert settings success:false, table:1 name:vivo_screen_auto_brightness value:32 pkg:android
10-25 12:47:33.621 I/DisplayPowerState( 1001): mBlockedByFingerprint = 0
10-25 12:47:33.621 E/DisplayPowerState( 1001): run changed=true mNightPearlManager is null! or state != Display.STATE_OFF
10-25 12:47:33.626 E/NightPearlManager( 1001): onBacklightStateChanged mService is null.
10-25 12:47:33.626 I/SettingsProvider( 1001): insert settings success:false, table:1 name:screen_brightness_change_by value:android pkg:android
10-25 12:47:33.627 I/SettingsProvider( 1001): insert settings success:false, table:1 name:screen_brightness value:16 pkg:android
10-25 12:47:33.635 I/DisplayPowerState( 1001): mBlockedByFingerprint = 0
10-25 12:47:33.635 E/DisplayPowerState( 1001): run changed=true mNightPearlManager is null! or state != Display.STATE_OFF
10-25 12:47:33.641 E/NightPearlManager( 1001): onBacklightStateChanged mService is null.
10-25 12:47:33.643 I/SettingsProvider( 1001): insert settings success:false, table:1 name:screen_brightness_change_by value:android pkg:android
10-25 12:47:33.643 I/SettingsProvider( 1001): insert settings success:false, table:1 name:screen_brightness value:16 pkg:android
10-25 12:47:33.651 I/DisplayPowerState( 1001): mBlockedByFingerprint = 0
10-25 12:47:33.651 E/DisplayPowerState( 1001): run changed=true mNightPearlManager is null! or state != Display.STATE_OFF
10-25 12:47:33.658 I/SettingsProvider( 1001): insert settings success:false, table:1 name:screen_brightness_change_by value:android pkg:android
10-25 12:47:33.660 E/NightPearlManager( 1001): onBacklightStateChanged mService is null.
10-25 12:47:33.662 I/SettingsProvider( 1001): insert settings success:false, table:1 name:screen_brightness value:16 pkg:android
10-25 12:47:33.666 I/ActivityManager( 1001): vivoAdjustFocusedActivityStackLocked step1 r = ActivityRecord{a3ec5b u0 com.bbk.launcher2/.Launcher t2}, reason = stopActivity, mResumedActivity = null
